Archive member included to satisfy reference by file (symbol)

../Middlewares/ST/AI/Lib\NetworkRuntime520_CM4_GCC.a(ai_platform_interface.o)
                              ./X-CUBE-AI/App/sine_approx.o (ai_platform_runtime_get_revision)
../Middlewares/ST/AI/Lib\NetworkRuntime520_CM4_GCC.a(core_mem_manager.o)
                              ../Middlewares/ST/AI/Lib\NetworkRuntime520_CM4_GCC.a(ai_platform_interface.o) (core_mem_alloc)
../Middlewares/ST/AI/Lib\NetworkRuntime520_CM4_GCC.a(core_common.o)
                              ../Middlewares/ST/AI/Lib\NetworkRuntime520_CM4_GCC.a(ai_platform_interface.o) (core_init)
../Middlewares/ST/AI/Lib\NetworkRuntime520_CM4_GCC.a(layers_conv2d_generic_float.o)
                              ./X-CUBE-AI/App/sine_approx.o (forward_dense)
../Middlewares/ST/AI/Lib\NetworkRuntime520_CM4_GCC.a(layers_nl_generic_float.o)
                              ./X-CUBE-AI/App/sine_approx.o (forward_relu)
../Middlewares/ST/AI/Lib\NetworkRuntime520_CM4_GCC.a(layers.o)
                              ../Middlewares/ST/AI/Lib\NetworkRuntime520_CM4_GCC.a(ai_platform_interface.o) (ai_check_custom_types)
../Middlewares/ST/AI/Lib\NetworkRuntime520_CM4_GCC.a(arm_mat_init_f32.o)
                              ../Middlewares/ST/AI/Lib\NetworkRuntime520_CM4_GCC.a(layers_conv2d_generic_float.o) (arm_mat_init_f32)
../Middlewares/ST/AI/Lib\NetworkRuntime520_CM4_GCC.a(ai_datatypes_format.o)
                              ../Middlewares/ST/AI/Lib\NetworkRuntime520_CM4_GCC.a(ai_platform_interface.o) (ai_array_to_buffer_fmt)
../Middlewares/ST/AI/Lib\NetworkRuntime520_CM4_GCC.a(ai_math_helpers.o)
                              ../Middlewares/ST/AI/Lib\NetworkRuntime520_CM4_GCC.a(layers_nl_generic_float.o) (ai_math_sqrt)
c:/st/stm32cubeide_1.11.0/stm32cubeide/plugins/com.st.stm32cube.ide.mcu.externaltools.gnu-tools-for-stm32.10.3-2021.10.win32_1.0.100.202210260954/tools/bin/../lib/gcc/arm-none-eabi/10.3.1/../../../../arm-none-eabi/lib/thumb/v7e-m+fp/hard\libc_nano.a(lib_a-errno.o)
                              ./Core/Src/sysmem.o (__errno)
c:/st/stm32cubeide_1.11.0/stm32cubeide/plugins/com.st.stm32cube.ide.mcu.externaltools.gnu-tools-for-stm32.10.3-2021.10.win32_1.0.100.202210260954/tools/bin/../lib/gcc/arm-none-eabi/10.3.1/../../../../arm-none-eabi/lib/thumb/v7e-m+fp/hard\libc_nano.a(lib_a-exit.o)
                              c:/st/stm32cubeide_1.11.0/stm32cubeide/plugins/com.st.stm32cube.ide.mcu.externaltools.gnu-tools-for-stm32.10.3-2021.10.win32_1.0.100.202210260954/tools/bin/../lib/gcc/arm-none-eabi/10.3.1/../../../../arm-none-eabi/lib/thumb/v7e-m+fp/hard/crt0.o (exit)
c:/st/stm32cubeide_1.11.0/stm32cubeide/plugins/com.st.stm32cube.ide.mcu.externaltools.gnu-tools-for-stm32.10.3-2021.10.win32_1.0.100.202210260954/tools/bin/../lib/gcc/arm-none-eabi/10.3.1/../../../../arm-none-eabi/lib/thumb/v7e-m+fp/hard\libc_nano.a(lib_a-impure.o)
                              c:/st/stm32cubeide_1.11.0/stm32cubeide/plugins/com.st.stm32cube.ide.mcu.externaltools.gnu-tools-for-stm32.10.3-2021.10.win32_1.0.100.202210260954/tools/bin/../lib/gcc/arm-none-eabi/10.3.1/../../../../arm-none-eabi/lib/thumb/v7e-m+fp/hard\libc_nano.a(lib_a-exit.o) (_global_impure_ptr)
c:/st/stm32cubeide_1.11.0/stm32cubeide/plugins/com.st.stm32cube.ide.mcu.externaltools.gnu-tools-for-stm32.10.3-2021.10.win32_1.0.100.202210260954/tools/bin/../lib/gcc/arm-none-eabi/10.3.1/../../../../arm-none-eabi/lib/thumb/v7e-m+fp/hard\libc_nano.a(lib_a-init.o)
                              c:/st/stm32cubeide_1.11.0/stm32cubeide/plugins/com.st.stm32cube.ide.mcu.externaltools.gnu-tools-for-stm32.10.3-2021.10.win32_1.0.100.202210260954/tools/bin/../lib/gcc/arm-none-eabi/10.3.1/../../../../arm-none-eabi/lib/thumb/v7e-m+fp/hard/crt0.o (__libc_init_array)
c:/st/stm32cubeide_1.11.0/stm32cubeide/plugins/com.st.stm32cube.ide.mcu.externaltools.gnu-tools-for-stm32.10.3-2021.10.win32_1.0.100.202210260954/tools/bin/../lib/gcc/arm-none-eabi/10.3.1/../../../../arm-none-eabi/lib/thumb/v7e-m+fp/hard\libc_nano.a(lib_a-malloc.o)
                              ../Middlewares/ST/AI/Lib\NetworkRuntime520_CM4_GCC.a(core_mem_manager.o) (malloc)
c:/st/stm32cubeide_1.11.0/stm32cubeide/plugins/com.st.stm32cube.ide.mcu.externaltools.gnu-tools-for-stm32.10.3-2021.10.win32_1.0.100.202210260954/tools/bin/../lib/gcc/arm-none-eabi/10.3.1/../../../../arm-none-eabi/lib/thumb/v7e-m+fp/hard\libc_nano.a(lib_a-memcpy-stub.o)
                              ./X-CUBE-AI/App/sine_approx.o (memcpy)
c:/st/stm32cubeide_1.11.0/stm32cubeide/plugins/com.st.stm32cube.ide.mcu.externaltools.gnu-tools-for-stm32.10.3-2021.10.win32_1.0.100.202210260954/tools/bin/../lib/gcc/arm-none-eabi/10.3.1/../../../../arm-none-eabi/lib/thumb/v7e-m+fp/hard\libc_nano.a(lib_a-memset.o)
[...]
Memory Configuration

Name             Origin             Length             Attributes
CCMRAM           0x0000000010000000 0x0000000000010000 xrw
RAM              0x0000000020000000 0x000000000001c000 xrw
FLASH            0x0000000008000000 0x0000000000100000 xr
*default*        0x0000000000000000 0xffffffffffffffff

Linker script and memory map

LOAD c:/st/stm32cubeide_1.11.0/stm32cubeide/plugins/com.st.stm32cube.ide.mcu.externaltools.gnu-tools-for-stm32.10.3-2021.10.win32_1.0.100.202210260954/tools/bin/../lib/gcc/arm-none-eabi/10.3.1/thumb/v7e-m+fp/hard/crti.o
LOAD c:/st/stm32cubeide_1.11.0/stm32cubeide/plugins/com.st.stm32cube.ide.mcu.externaltools.gnu-tools-for-stm32.10.3-2021.10.win32_1.0.100.202210260954/tools/bin/../lib/gcc/arm-none-eabi/10.3.1/thumb/v7e-m+fp/hard/crtbegin.o
LOAD c:/st/stm32cubeide_1.11.0/stm32cubeide/plugins/com.st.stm32cube.ide.mcu.externaltools.gnu-tools-for-stm32.10.3-2021.10.win32_1.0.100.202210260954/tools/bin/../lib/gcc/arm-none-eabi/10.3.1/../../../../arm-none-eabi/lib/thumb/v7e-m+fp/hard/crt0.o
LOAD ./Core/Src/crc.o
LOAD ./Core/Src/gpio.o
LOAD ./Core/Src/main.o
LOAD ./Core/Src/stm32f4xx_hal_msp.o
LOAD ./Core/Src/stm32f4xx_it.o
LOAD ./Core/Src/sysmem.o
LOAD ./Core/Src/system_stm32f4xx.o
LOAD ./Core/Src/usart.o
LOAD ./Core/Startup/startup_stm32f407vgtx.o
LOAD ./Drivers/STM32F4xx_HAL_Driver/Src/stm32f4xx_hal.o
LOAD ./Drivers/STM32F4xx_HAL_Driver/Src/stm32f4xx_hal_cortex.o
LOAD ./Drivers/STM32F4xx_HAL_Driver/Src/stm32f4xx_hal_crc.o
LOAD ./Drivers/STM32F4xx_HAL_Driver/Src/stm32f4xx_hal_dma.o
LOAD ./Drivers/STM32F4xx_HAL_Driver/Src/stm32f4xx_hal_dma_ex.o
LOAD ./Drivers/STM32F4xx_HAL_Driver/Src/stm32f4xx_hal_exti.o
LOAD ./Drivers/STM32F4xx_HAL_Driver/Src/stm32f4xx_hal_flash.o
LOAD ./Drivers/STM32F4xx_HAL_Driver/Src/stm32f4xx_hal_flash_ex.o
LOAD ./Drivers/STM32F4xx_HAL_Driver/Src/stm32f4xx_hal_flash_ramfunc.o
LOAD ./Drivers/STM32F4xx_HAL_Driver/Src/stm32f4xx_hal_gpio.o
LOAD ./Drivers/STM32F4xx_HAL_Driver/Src/stm32f4xx_hal_pwr.o
LOAD ./Drivers/STM32F4xx_HAL_Driver/Src/stm32f4xx_hal_pwr_ex.o
LOAD ./Drivers/STM32F4xx_HAL_Driver/Src/stm32f4xx_hal_rcc.o
LOAD ./Drivers/STM32F4xx_HAL_Driver/Src/stm32f4xx_hal_rcc_ex.o
LOAD ./Drivers/STM32F4xx_HAL_Driver/Src/stm32f4xx_hal_uart.o
LOAD ./X-CUBE-AI/App/sine_approx.o
LOAD ./X-CUBE-AI/App/sine_approx_data.o
LOAD ../Middlewares/ST/AI/Lib\NetworkRuntime520_CM4_GCC.a
START GROUP
LOAD c:/st/stm32cubeide_1.11.0/stm32cubeide/plugins/com.st.stm32cube.ide.mcu.externaltools.gnu-tools-for-stm32.10.3-2021.10.win32_1.0.100.202210260954/tools/bin/../lib/gcc/arm-none-eabi/10.3.1/../../../../arm-none-eabi/lib/thumb/v7e-m+fp/hard\libc_nano.a
LOAD c:/st/stm32cubeide_1.11.0/stm32cubeide/plugins/com.st.stm32cube.ide.mcu.externaltools.gnu-tools-for-stm32.10.3-2021.10.win32_1.0.100.202210260954/tools/bin/../lib/gcc/arm-none-eabi/10.3.1/../../../../arm-none-eabi/lib/thumb/v7e-m+fp/hard\libm.a
END GROUP
START GROUP
LOAD c:/st/stm32cubeide_1.11.0/stm32cubeide/plugins/com.st.stm32cube.ide.mcu.externaltools.gnu-tools-for-stm32.10.3-2021.10.win32_1.0.100.202210260954/tools/bin/../lib/gcc/arm-none-eabi/10.3.1/thumb/v7e-m+fp/hard\libgcc.a
LOAD c:/st/stm32cubeide_1.11.0/stm32cubeide/plugins/com.st.stm32cube.ide.mcu.externaltools.gnu-tools-for-stm32.10.3-2021.10.win32_1.0.100.202210260954/tools/bin/../lib/gcc/arm-none-eabi/10.3.1/../../../../arm-none-eabi/lib/thumb/v7e-m+fp/hard\libc_nano.a
END GROUP
START GROUP
LOAD c:/st/stm32cubeide_1.11.0/stm32cubeide/plugins/com.st.stm32cube.ide.mcu.externaltools.gnu-tools-for-stm32.10.3-2021.10.win32_1.0.100.202210260954/tools/bin/../lib/gcc/arm-none-eabi/10.3.1/thumb/v7e-m+fp/hard\libgcc.a
LOAD c:/st/stm32cubeide_1.11.0/stm32cubeide/plugins/com.st.stm32cube.ide.mcu.externaltools.gnu-tools-for-stm32.10.3-2021.10.win32_1.0.100.202210260954/tools/bin/../lib/gcc/arm-none-eabi/10.3.1/../../../../arm-none-eabi/lib/thumb/v7e-m+fp/hard\libc_nano.a
LOAD c:/st/stm32cubeide_1.11.0/stm32cubeide/plugins/com.st.stm32cube.ide.mcu.externaltools.gnu-tools-for-stm32.10.3-2021.10.win32_1.0.100.202210260954/tools/bin/../lib/gcc/arm-none-eabi/10.3.1/../../../../arm-none-eabi/lib/thumb/v7e-m+fp/hard\libnosys.a
END GROUP
START GROUP
LOAD c:/st/stm32cubeide_1.11.0/stm32cubeide/plugins/com.st.stm32cube.ide.mcu.externaltools.gnu-tools-for-stm32.10.3-2021.10.win32_1.0.100.202210260954/tools/bin/../lib/gcc/arm-none-eabi/10.3.1/thumb/v7e-m+fp/hard\libgcc.a
LOAD c:/st/stm32cubeide_1.11.0/stm32cubeide/plugins/com.st.stm32cube.ide.mcu.externaltools.gnu-tools-for-stm32.10.3-2021.10.win32_1.0.100.202210260954/tools/bin/../lib/gcc/arm-none-eabi/10.3.1/../../../../arm-none-eabi/lib/thumb/v7e-m+fp/hard\libc_nano.a
LOAD c:/st/stm32cubeide_1.11.0/stm32cubeide/plugins/com.st.stm32cube.ide.mcu.externaltools.gnu-tools-for-stm32.10.3-2021.10.win32_1.0.100.202210260954/tools/bin/../lib/gcc/arm-none-eabi/10.3.1/../../../../arm-none-eabi/lib/thumb/v7e-m+fp/hard\libnosys.a
END GROUP
LOAD c:/st/stm32cubeide_1.11.0/stm32cubeide/plugins/com.st.stm32cube.ide.mcu.externaltools.gnu-tools-for-stm32.10.3-2021.10.win32_1.0.100.202210260954/tools/bin/../lib/gcc/arm-none-eabi/10.3.1/thumb/v7e-m+fp/hard/crtend.o
LOAD c:/st/stm32cubeide_1.11.0/stm32cubeide/plugins/com.st.stm32cube.ide.mcu.externaltools.gnu-tools-for-stm32.10.3-2021.10.win32_1.0.100.202210260954/tools/bin/../lib/gcc/arm-none-eabi/10.3.1/thumb/v7e-m+fp/hard/crtn.o
                0x000000002001c000                _estack = (ORIGIN (RAM) + LENGTH (RAM))
                0x0000000000000800                _Min_Heap_Size = 0x800
                0x0000000000000800                _Min_Stack_Size = 0x800

.isr_vector     0x0000000008000000      0x188
                0x0000000008000000                . = ALIGN (0x4)
 *(.isr_vector)
 .isr_vector    0x0000000008000000      0x188 ./Core/Startup/startup_stm32f407vgtx.o
                0x0000000008000000                g_pfnVectors
                0x0000000008000188                . = ALIGN (0x4)

.text           0x0000000008000190     0x794c
                0x0000000008000190                . = ALIGN (0x4)
 *(.text)
 .text          0x0000000008000190       0x40 c:/st/stm32cubeide_1.11.0/stm32cubeide/plugins/com.st.stm32cube.ide.mcu.externaltools.gnu-tools-for-stm32.10.3-2021.10.win32_1.0.100.202210260954/tools/bin/../lib/gcc/arm-none-eabi/10.3.1/thumb/v7e-m+fp/hard/crtbegin.o
 .text          0x00000000080001d0       0x10 c:/st/stm32cubeide_1.11.0/stm32cubeide/plugins/com.st.stm32cube.ide.mcu.externaltools.gnu-tools-for-stm32.10.3-2021.10.win32_1.0.100.202210260954/tools/bin/../lib/gcc/arm-none-eabi/10.3.1/../../../../arm-none-eabi/lib/thumb/v7e-m+fp/hard\libc_nano.a(lib_a-strlen.o)
                0x00000000080001d0                strlen
 .text          0x00000000080001e0       0xa0 c:/st/stm32cubeide_1.11.0/stm32cubeide/plugins/com.st.stm32cube.ide.mcu.externaltools.gnu-tools-for-stm32.10.3-2021.10.win32_1.0.100.202210260954/tools/bin/../lib/gcc/arm-none-eabi/10.3.1/../../../../arm-none-eabi/lib/thumb/v7e-m+fp/hard\libc_nano.a(lib_a-memchr.o)
                0x00000000080001e0                memchr
 .text          0x0000000008000280      0x378 c:/st/stm32cubeide_1.11.0/stm32cubeide/plugins/com.st.stm32cube.ide.mcu.externaltools.gnu-tools-for-stm32.10.3-2021.10.win32_1.0.100.202210260954/tools/bin/../lib/gcc/arm-none-eabi/10.3.1/thumb/v7e-m+fp/hard\libgcc.a(_arm_addsubdf3.o)
                0x0000000008000280                __aeabi_drsub
                0x0000000008000288                __aeabi_dsub
                0x0000000008000288                __subdf3
                0x000000000800028c                __aeabi_dadd
                0x000000000800028c                __adddf3
                0x0000000008000504                __floatunsidf
                0x0000000008000504                __aeabi_ui2d
                0x0000000008000524                __floatsidf
                0x0000000008000524                __aeabi_i2d
                0x0000000008000548                __aeabi_f2d
                0x0000000008000548                __extendsfdf2
                0x000000000800058c                __floatundidf
                0x000000000800058c                __aeabi_ul2d
                0x000000000800059c                __floatdidf
                0x000000000800059c                __aeabi_l2d
 .text          0x00000000080005f8      0x424 c:/st/stm32cubeide_1.11.0/stm32cubeide/plugins/com.st.stm32cube.ide.mcu.externaltools.gnu-tools-for-stm32.10.3-2021.10.win32_1.0.100.202210260954/tools/bin/../lib/gcc/arm-none-eabi/10.3.1/thumb/v7e-m+fp/hard\libgcc.a(_arm_muldivdf3.o)
                0x00000000080005f8                __aeabi_dmul
                0x00000000080005f8                __muldf3
                0x000000000800084c                __divdf3
                0x000000000800084c                __aeabi_ddiv
 .text          0x0000000008000a1c      0x110 c:/st/stm32cubeide_1.11.0/stm32cubeide/plugins/com.st.stm32cube.ide.mcu.externaltools.gnu-tools-for-stm32.10.3-2021.10.win32_1.0.100.202210260954/tools/bin/../lib/gcc/arm-none-eabi/10.3.1/thumb/v7e-m+fp/hard\libgcc.a(_arm_cmpdf2.o)
                0x0000000008000a1c                __gtdf2
                0x0000000008000a1c                __gedf2
                0x0000000008000a24                __ltdf2
                0x0000000008000a24                __ledf2
                0x0000000008000a2c                __nedf2
                0x0000000008000a2c                __eqdf2
                0x0000000008000a2c                __cmpdf2
                0x0000000008000aa8                __aeabi_cdrcmple
                0x0000000008000ab8                __aeabi_cdcmpeq
                0x0000000008000ab8                __aeabi_cdcmple
                0x0000000008000ac8                __aeabi_dcmpeq
                0x0000000008000adc                __aeabi_dcmplt
                0x0000000008000af0                __aeabi_dcmple
                0x0000000008000b04                __aeabi_dcmpge
                0x0000000008000b18                __aeabi_dcmpgt
 .text          0x0000000008000b2c       0x2c c:/st/stm32cubeide_1.11.0/stm32cubeide/plugins/com.st.stm32cube.ide.mcu.externaltools.gnu-tools-for-stm32.10.3-2021.10.win32_1.0.100.202210260954/tools/bin/../lib/gcc/arm-none-eabi/10.3.1/thumb/v7e-m+fp/hard\libgcc.a(_arm_unorddf2.o)
                0x0000000008000b2c                __unorddf2
                0x0000000008000b2c                __aeabi_dcmpun
 .text          0x0000000008000b58       0x50 c:/st/stm32cubeide_1.11.0/stm32cubeide/plugins/com.st.stm32cube.ide.mcu.externaltools.gnu-tools-for-stm32.10.3-2021.10.win32_1.0.100.202210260954/tools/bin/../lib/gcc/arm-none-eabi/10.3.1/thumb/v7e-m+fp/hard\libgcc.a(_arm_fixdfsi.o)
                0x0000000008000b58                __aeabi_d2iz
                0x0000000008000b58                __fixdfsi
 .text          0x0000000008000ba8       0x30 c:/st/stm32cubeide_1.11.0/stm32cubeide/plugins/com.st.stm32cube.ide.mcu.externaltools.gnu-tools-for-stm32.10.3-2021.10.win32_1.0.100.202210260954/tools/bin/../lib/gcc/arm-none-eabi/10.3.1/thumb/v7e-m+fp/hard\libgcc.a(_aeabi_uldivmod.o)
                0x0000000008000ba8                __aeabi_uldivmod
 .text          0x0000000008000bd8      0x2d0 c:/st/stm32cubeide_1.11.0/stm32cubeide/plugins/com.st.stm32cube.ide.mcu.externaltools.gnu-tools-for-stm32.10.3-2021.10.win32_1.0.100.202210260954/tools/bin/../lib/gcc/arm-none-eabi/10.3.1/thumb/v7e-m+fp/hard\libgcc.a(_udivmoddi4.o)
                0x0000000008000bd8                __udivmoddi4
 .text          0x0000000008000ea8        0x4 c:/st/stm32cubeide_1.11.0/stm32cubeide/plugins/com.st.stm32cube.ide.mcu.externaltools.gnu-tools-for-stm32.10.3-2021.10.win32_1.0.100.202210260954/tools/bin/../lib/gcc/arm-none-eabi/10.3.1/thumb/v7e-m+fp/hard\libgcc.a(_dvmd_tls.o)
                0x0000000008000ea8                __aeabi_idiv0
                0x0000000008000ea8                __aeabi_ldiv0
 *(.text*)
 .text.MX_CRC_Init
                0x0000000008000eac       0x28 ./Core/Src/crc.o
                0x0000000008000eac                MX_CRC_Init
 .text.HAL_CRC_MspInit
                0x0000000008000ed4       0x44 ./Core/Src/crc.o
                0x0000000008000ed4                HAL_CRC_MspInit
 .text.MX_GPIO_Init
                0x0000000008000f18       0x50 ./Core/Src/gpio.o
                0x0000000008000f18                MX_GPIO_Init
 .text.main     0x0000000008000f68      0x2b4 ./Core/Src/main.o
                0x0000000008000f68                main
 .text.SystemClock_Config
                0x000000000800121c       0xd0 ./Core/Src/main.o
                0x000000000800121c                SystemClock_Config
 .text.Error_Handler
                0x00000000080012ec        0xa ./Core/Src/main.o
                0x00000000080012ec                Error_Handler
 *fill*         0x00000000080012f6        0x2 
 .text.HAL_MspInit
                0x00000000080012f8       0x50 ./Core/Src/stm32f4xx_hal_msp.o
                0x00000000080012f8                HAL_MspInit
 .text.NMI_Handler
                0x0000000008001348        0x6 ./Core/Src/stm32f4xx_it.o
                0x0000000008001348                NMI_Handler
 .text.HardFault_Handler
                0x000000000800134e        0x6 ./Core/Src/stm32f4xx_it.o
                0x000000000800134e                HardFault_Handler
 .text.MemManage_Handler
                0x0000000008001354        0x6 ./Core/Src/stm32f4xx_it.o
                0x0000000008001354                MemManage_Handler
 .text.BusFault_Handler
                0x000000000800135a        0x6 ./Core/Src/stm32f4xx_it.o
                0x000000000800135a                BusFault_Handler
 .text.UsageFault_Handler
                0x0000000008001360        0x6 ./Core/Src/stm32f4xx_it.o
                0x0000000008001360                UsageFault_Handler
 .text.SVC_Handler
                0x0000000008001366        0xe ./Core/Src/stm32f4xx_it.o
                0x0000000008001366                SVC_Handler
 .text.DebugMon_Handler
                0x0000000008001374        0xe ./Core/Src/stm32f4xx_it.o
                0x0000000008001374                DebugMon_Handler
 .text.PendSV_Handler
                0x0000000008001382        0xe ./Core/Src/stm32f4xx_it.o
                0x0000000008001382                PendSV_Handler
 .text.SysTick_Handler
                0x0000000008001390        0xc ./Core/Src/stm32f4xx_it.o
                0x0000000008001390                SysTick_Handler
 .text.USART1_IRQHandler
                0x000000000800139c       0x14 ./Core/Src/stm32f4xx_it.o
                0x000000000800139c                USART1_IRQHandler
 .text._sbrk    0x00000000080013b0       0x6c ./Core/Src/sysmem.o
                0x00000000080013b0                _sbrk
 .text.SystemInit
                0x000000000800141c       0x24 ./Core/Src/system_stm32f4xx.o
                0x000000000800141c                SystemInit
 .text.MX_USART1_UART_Init
                0x0000000008001440       0x54 ./Core/Src/usart.o
                0x0000000008001440                MX_USART1_UART_Init
 .text.HAL_UART_MspInit
                0x0000000008001494       0xa0 ./Core/Src/usart.o
                0x0000000008001494                HAL_UART_MspInit
 .text.print    0x0000000008001534       0x48 ./Core/Src/usart.o
                0x0000000008001534                print
 .text.Reset_Handler
                0x000000000800157c       0x50 ./Core/Startup/startup_stm32f407vgtx.o
                0x000000000800157c                Reset_Handler
 .text.Default_Handler
                0x00000000080015cc        0x2 ./Core/Startup/startup_stm32f407vgtx.o
                0x00000000080015cc                RTC_Alarm_IRQHandler
                0x00000000080015cc                HASH_RNG_IRQHandler
                0x00000000080015cc                EXTI2_IRQHandler
                0x00000000080015cc                TIM8_CC_IRQHandler
                0x00000000080015cc                TIM1_CC_IRQHandler
                0x00000000080015cc                DMA2_Stream5_IRQHandler
                0x00000000080015cc                DMA1_Stream5_IRQHandler
                0x00000000080015cc                PVD_IRQHandler
                0x00000000080015cc                SDIO_IRQHandler
                0x00000000080015cc                TAMP_STAMP_IRQHandler
                0x00000000080015cc                CAN2_RX1_IRQHandler
                0x00000000080015cc                EXTI3_IRQHandler
                0x00000000080015cc                TIM8_TRG_COM_TIM14_IRQHandler
                0x00000000080015cc                TIM1_UP_TIM10_IRQHandler
                0x00000000080015cc                TIM8_UP_TIM13_IRQHandler
                0x00000000080015cc                I2C3_ER_IRQHandler
                0x00000000080015cc                EXTI0_IRQHandler
                0x00000000080015cc                I2C2_EV_IRQHandler
                0x00000000080015cc                DMA1_Stream2_IRQHandler
                0x00000000080015cc                CAN1_RX0_IRQHandler
                0x00000000080015cc                FPU_IRQHandler
                0x00000000080015cc                OTG_HS_WKUP_IRQHandler
                0x00000000080015cc                CAN2_SCE_IRQHandler
                0x00000000080015cc                DMA2_Stream2_IRQHandler
                0x00000000080015cc                SPI1_IRQHandler
                0x00000000080015cc                TIM6_DAC_IRQHandler
                0x00000000080015cc                TIM1_BRK_TIM9_IRQHandler
                0x00000000080015cc                DCMI_IRQHandler
                0x00000000080015cc                CAN2_RX0_IRQHandler
                0x00000000080015cc                DMA2_Stream3_IRQHandler
                0x00000000080015cc                USART6_IRQHandler
                0x00000000080015cc                USART3_IRQHandler
                0x00000000080015cc                CAN1_RX1_IRQHandler
                0x00000000080015cc                UART5_IRQHandler
                0x00000000080015cc                DMA2_Stream0_IRQHandler
                0x00000000080015cc                TIM4_IRQHandler
                0x00000000080015cc                I2C1_EV_IRQHandler
                0x00000000080015cc                DMA1_Stream6_IRQHandler
                0x00000000080015cc                DMA1_Stream1_IRQHandler
                0x00000000080015cc                UART4_IRQHandler
                0x00000000080015cc                TIM3_IRQHandler
                0x00000000080015cc                RCC_IRQHandler
                0x00000000080015cc                TIM8_BRK_TIM12_IRQHandler
                0x00000000080015cc                Default_Handler
                0x00000000080015cc                EXTI15_10_IRQHandler
                0x00000000080015cc                ADC_IRQHandler
                0x00000000080015cc                DMA1_Stream7_IRQHandler
                0x00000000080015cc                TIM7_IRQHandler
                0x00000000080015cc                CAN2_TX_IRQHandler
                0x00000000080015cc                TIM5_IRQHandler
                0x00000000080015cc                DMA2_Stream7_IRQHandler
                0x00000000080015cc                I2C3_EV_IRQHandler
                0x00000000080015cc                EXTI9_5_IRQHandler
                0x00000000080015cc                RTC_WKUP_IRQHandler
                0x00000000080015cc                ETH_WKUP_IRQHandler
                0x00000000080015cc                SPI2_IRQHandler
                0x00000000080015cc                OTG_HS_EP1_IN_IRQHandler
                0x00000000080015cc                DMA1_Stream0_IRQHandler
                0x00000000080015cc                CAN1_TX_IRQHandler
                0x00000000080015cc                EXTI4_IRQHandler
                0x00000000080015cc                FSMC_IRQHandler
                0x00000000080015cc                ETH_IRQHandler
                0x00000000080015cc                OTG_HS_EP1_OUT_IRQHandler
                0x00000000080015cc                WWDG_IRQHandler
                0x00000000080015cc                TIM2_IRQHandler
                0x00000000080015cc                OTG_FS_WKUP_IRQHandler
                0x00000000080015cc                TIM1_TRG_COM_TIM11_IRQHandler
                0x00000000080015cc                OTG_HS_IRQHandler
                0x00000000080015cc                EXTI1_IRQHandler
                0x00000000080015cc                USART2_IRQHandler
                0x00000000080015cc                I2C2_ER_IRQHandler
                0x00000000080015cc                DMA2_Stream1_IRQHandler
                0x00000000080015cc                CAN1_SCE_IRQHandler
                0x00000000080015cc                FLASH_IRQHandler
                0x00000000080015cc                DMA2_Stream4_IRQHandler
                0x00000000080015cc                OTG_FS_IRQHandler
                0x00000000080015cc                SPI3_IRQHandler
                0x00000000080015cc                DMA1_Stream4_IRQHandler
                0x00000000080015cc                I2C1_ER_IRQHandler
                0x00000000080015cc                DMA2_Stream6_IRQHandler
                0x00000000080015cc                DMA1_Stream3_IRQHandler
 *fill*         0x00000000080015ce        0x2 
 .text.HAL_Init
                0x00000000080015d0       0x44 ./Drivers/STM32F4xx_HAL_Driver/Src/stm32f4xx_hal.o
                0x00000000080015d0                HAL_Init
 .text.HAL_InitTick
                0x0000000008001614       0x60 ./Drivers/STM32F4xx_HAL_Driver/Src/stm32f4xx_hal.o
                0x0000000008001614                HAL_InitTick
 .text.HAL_IncTick
                0x0000000008001674       0x28 ./Drivers/STM32F4xx_HAL_Driver/Src/stm32f4xx_hal.o
                0x0000000008001674                HAL_IncTick
 .text.HAL_GetTick
                0x000000000800169c       0x18 ./Drivers/STM32F4xx_HAL_Driver/Src/stm32f4xx_hal.o
                0x000000000800169c                HAL_GetTick
 .text.HAL_Delay
                0x00000000080016b4       0x48 ./Drivers/STM32F4xx_HAL_Driver/Src/stm32f4xx_hal.o
                0x00000000080016b4                HAL_Delay
 .text.__NVIC_SetPriorityGrouping
                0x00000000080016fc       0x48 ./Drivers/STM32F4xx_HAL_Driver/Src/stm32f4xx_hal_cortex.o
 .text.__NVIC_GetPriorityGrouping
                0x0000000008001744       0x1c ./Drivers/STM32F4xx_HAL_Driver/Src/stm32f4xx_hal_cortex.o
 .text.__NVIC_EnableIRQ
                0x0000000008001760       0x3c ./Drivers/STM32F4xx_HAL_Driver/Src/stm32f4xx_hal_cortex.o
 .text.__NVIC_SetPriority
                0x000000000800179c       0x54 ./Drivers/STM32F4xx_HAL_Driver/Src/stm32f4xx_hal_cortex.o
 .text.NVIC_EncodePriority
                0x00000000080017f0       0x66 ./Drivers/STM32F4xx_HAL_Driver/Src/stm32f4xx_hal_cortex.o
 *fill*         0x0000000008001856        0x2 
 .text.SysTick_Config
                0x0000000008001858       0x44 ./Drivers/STM32F4xx_HAL_Driver/Src/stm32f4xx_hal_cortex.o
 .text.HAL_NVIC_SetPriorityGrouping
                0x000000000800189c       0x16 ./Drivers/STM32F4xx_HAL_Driver/Src/stm32f4xx_hal_cortex.o
                0x000000000800189c                HAL_NVIC_SetPriorityGrouping
 .text.HAL_NVIC_SetPriority
                0x00000000080018b2       0x38 ./Drivers/STM32F4xx_HAL_Driver/Src/stm32f4xx_hal_cortex.o
                0x00000000080018b2                HAL_NVIC_SetPriority
 .text.HAL_NVIC_EnableIRQ
                0x00000000080018ea       0x1c ./Drivers/STM32F4xx_HAL_Driver/Src/stm32f4xx_hal_cortex.o
                0x00000000080018ea                HAL_NVIC_EnableIRQ
 .text.HAL_SYSTICK_Config
                0x0000000008001906       0x18 ./Drivers/STM32F4xx_HAL_Driver/Src/stm32f4xx_hal_cortex.o
                0x0000000008001906                HAL_SYSTICK_Config
 .text.HAL_CRC_Init
                0x000000000800191e       0x38 ./Drivers/STM32F4xx_HAL_Driver/Src/stm32f4xx_hal_crc.o
                0x000000000800191e                HAL_CRC_Init
 .text.HAL_DMA_Abort
                0x0000000008001956       0xe0 ./Drivers/STM32F4xx_HAL_Driver/Src/stm32f4xx_hal_dma.o
                0x0000000008001956                HAL_DMA_Abort
 .text.HAL_DMA_Abort_IT
                0x0000000008001a36       0x44 ./Drivers/STM32F4xx_HAL_Driver/Src/stm32f4xx_hal_dma.o
                0x0000000008001a36                HAL_DMA_Abort_IT
 *fill*         0x0000000008001a7a        0x2 
 .text.HAL_GPIO_Init
                0x0000000008001a7c      0x338 ./Drivers/STM32F4xx_HAL_Driver/Src/stm32f4xx_hal_gpio.o
                0x0000000008001a7c                HAL_GPIO_Init
 .text.HAL_RCC_OscConfig
                0x0000000008001db4      0x4f0 ./Drivers/STM32F4xx_HAL_Driver/Src/stm32f4xx_hal_rcc.o
                0x0000000008001db4                HAL_RCC_OscConfig
 .text.HAL_RCC_ClockConfig
                0x00000000080022a4      0x1cc ./Drivers/STM32F4xx_HAL_Driver/Src/stm32f4xx_hal_rcc.o
                0x00000000080022a4                HAL_RCC_ClockConfig
 .text.HAL_RCC_GetSysClockFreq
                0x0000000008002470      0x20c ./Drivers/STM32F4xx_HAL_Driver/Src/stm32f4xx_hal_rcc.o
                0x0000000008002470                HAL_RCC_GetSysClockFreq
 .text.HAL_RCC_GetHCLKFreq
                0x000000000800267c       0x18 ./Drivers/STM32F4xx_HAL_Driver/Src/stm32f4xx_hal_rcc.o
                0x000000000800267c                HAL_RCC_GetHCLKFreq
 .text.HAL_RCC_GetPCLK1Freq
                0x0000000008002694       0x28 ./Drivers/STM32F4xx_HAL_Driver/Src/stm32f4xx_hal_rcc.o
                0x0000000008002694                HAL_RCC_GetPCLK1Freq
 .text.HAL_RCC_GetPCLK2Freq
                0x00000000080026bc       0x28 ./Drivers/STM32F4xx_HAL_Driver/Src/stm32f4xx_hal_rcc.o
                0x00000000080026bc                HAL_RCC_GetPCLK2Freq
 .text.HAL_UART_Init
                0x00000000080026e4       0x9a ./Drivers/STM32F4xx_HAL_Driver/Src/stm32f4xx_hal_uart.o
                0x00000000080026e4                HAL_UART_Init
 .text.HAL_UART_Transmit
                0x000000000800277e      0x124 ./Drivers/STM32F4xx_HAL_Driver/Src/stm32f4xx_hal_uart.o
                0x000000000800277e                HAL_UART_Transmit
 .text.HAL_UART_Transmit_IT
                0x00000000080028a2       0x8a ./Drivers/STM32F4xx_HAL_Driver/Src/stm32f4xx_hal_uart.o
                0x00000000080028a2                HAL_UART_Transmit_IT
 .text.HAL_UART_IRQHandler
                0x000000000800292c      0x51c ./Drivers/STM32F4xx_HAL_Driver/Src/stm32f4xx_hal_uart.o
                0x000000000800292c                HAL_UART_IRQHandler
 .text.HAL_UART_TxCpltCallback
                0x0000000008002e48       0x14 ./Drivers/STM32F4xx_HAL_Driver/Src/stm32f4xx_hal_uart.o
                0x0000000008002e48                HAL_UART_TxCpltCallback
 .text.HAL_UART_RxCpltCallback
                0x0000000008002e5c       0x14 ./Drivers/STM32F4xx_HAL_Driver/Src/stm32f4xx_hal_uart.o
                0x0000000008002e5c                HAL_UART_RxCpltCallback
 .text.HAL_UART_ErrorCallback
                0x0000000008002e70       0x14 ./Drivers/STM32F4xx_HAL_Driver/Src/stm32f4xx_hal_uart.o
                0x0000000008002e70                HAL_UART_ErrorCallback
 .text.HAL_UARTEx_RxEventCallback
                0x0000000008002e84       0x18 ./Drivers/STM32F4xx_HAL_Driver/Src/stm32f4xx_hal_uart.o
                0x0000000008002e84                HAL_UARTEx_RxEventCallback
 .text.UART_WaitOnFlagUntilTimeout
                0x0000000008002e9c       0xdc ./Drivers/STM32F4xx_HAL_Driver/Src/stm32f4xx_hal_uart.o
 .text.UART_EndRxTransfer
                0x0000000008002f78       0xc6 ./Drivers/STM32F4xx_HAL_Driver/Src/stm32f4xx_hal_uart.o
 .text.UART_DMAAbortOnError
                0x000000000800303e       0x28 ./Drivers/STM32F4xx_HAL_Driver/Src/stm32f4xx_hal_uart.o
 .text.UART_Transmit_IT
                0x0000000008003066       0xa0 ./Drivers/STM32F4xx_HAL_Driver/Src/stm32f4xx_hal_uart.o
 .text.UART_EndTransmit_IT
                0x0000000008003106       0x30 ./Drivers/STM32F4xx_HAL_Driver/Src/stm32f4xx_hal_uart.o
 .text.UART_Receive_IT
                0x0000000008003136      0x176 ./Drivers/STM32F4xx_HAL_Driver/Src/stm32f4xx_hal_uart.o
 .text.UART_SetConfig
                0x00000000080032ac      0x4e8 ./Drivers/STM32F4xx_HAL_Driver/Src/stm32f4xx_hal_uart.o
 .text.sine_approx_configure_activations
                0x0000000008003794       0x88 ./X-CUBE-AI/App/sine_approx.o
 .text.sine_approx_configure_weights
                0x000000000800381c       0xe8 ./X-CUBE-AI/App/sine_approx.o
 .text.ai_sine_approx_create
                0x0000000008003904       0x2c ./X-CUBE-AI/App/sine_approx.o
                0x0000000008003904                ai_sine_approx_create
 .text.ai_sine_approx_init
                0x0000000008003930       0x7e ./X-CUBE-AI/App/sine_approx.o
                0x0000000008003930                ai_sine_approx_init
 .text.ai_sine_approx_run
                0x00000000080039ae       0x20 ./X-CUBE-AI/App/sine_approx.o
                0x00000000080039ae                ai_sine_approx_run
 *fill*         0x00000000080039ce        0x2 
 .text.ai_sine_approx_data_weights_get
                0x00000000080039d0       0x14 ./X-CUBE-AI/App/sine_approx_data.o
                0x00000000080039d0                ai_sine_approx_data_weights_get
 .text.unlikely._platform_network_state_setup.isra.1
                0x00000000080039e4       0x3e ../Middlewares/ST/AI/Lib\NetworkRuntime520_CM4_GCC.a(ai_platform_interface.o)
 *fill*         0x0000000008003a22        0x2 
 .text.ai_platform_network_create
                0x0000000008003a24       0xb0 ../Middlewares/ST/AI/Lib\NetworkRuntime520_CM4_GCC.a(ai_platform_interface.o)
                0x0000000008003a24                ai_platform_network_create
 .text.ai_platform_network_init
                0x0000000008003ad4       0xfc ../Middlewares/ST/AI/Lib\NetworkRuntime520_CM4_GCC.a(ai_platform_interface.o)
                0x0000000008003ad4                ai_platform_network_init
 .text.ai_platform_network_post_init
                0x0000000008003bd0       0x90 ../Middlewares/ST/AI/Lib\NetworkRuntime520_CM4_GCC.a(ai_platform_interface.o)
                0x0000000008003bd0                ai_platform_network_post_init
 .text.ai_platform_network_process
                0x0000000008003c60      0x414 ../Middlewares/ST/AI/Lib\NetworkRuntime520_CM4_GCC.a(ai_platform_interface.o)
                0x0000000008003c60                ai_platform_network_process
 .text.core_init
                0x0000000008004074        0x4 ../Middlewares/ST/AI/Lib\NetworkRuntime520_CM4_GCC.a(core_common.o)
                0x0000000008004074                core_init
 .text.core_set_error
                0x0000000008004078       0x18 ../Middlewares/ST/AI/Lib\NetworkRuntime520_CM4_GCC.a(core_common.o)
                0x0000000008004078                core_set_error
 .text.ai_dict8_dot_array_f32
                0x0000000008004090      0x19c ../Middlewares/ST/AI/Lib\NetworkRuntime520_CM4_GCC.a(layers_conv2d_generic_float.o)
                0x0000000008004090                ai_dict8_dot_array_f32
 .text.ai_dict4_dot_array_f32
                0x000000000800422c      0x17c ../Middlewares/ST/AI/Lib\NetworkRuntime520_CM4_GCC.a(layers_conv2d_generic_float.o)
                0x000000000800422c                ai_dict4_dot_array_f32
 .text.forward_dense
                0x00000000080043a8      0x450 ../Middlewares/ST/AI/Lib\NetworkRuntime520_CM4_GCC.a(layers_conv2d_generic_float.o)
                0x00000000080043a8                forward_dense
 .text.nl_func_relu_generic_array_f32
                0x00000000080047f8       0xf8 ../Middlewares/ST/AI/Lib\NetworkRuntime520_CM4_GCC.a(layers_nl_generic_float.o)
                0x00000000080047f8                nl_func_relu_generic_array_f32
 .text.forward_relu
                0x00000000080048f0      0x120 ../Middlewares/ST/AI/Lib\NetworkRuntime520_CM4_GCC.a(layers_nl_generic_float.o)
                0x00000000080048f0                forward_relu
 .text.ai_check_custom_types
                0x0000000008004a10       0x54 ../Middlewares/ST/AI/Lib\NetworkRuntime520_CM4_GCC.a(layers.o)
                0x0000000008004a10                ai_check_custom_types
 .text.ai_layers_forward_all
                0x0000000008004a64       0x74 ../Middlewares/ST/AI/Lib\NetworkRuntime520_CM4_GCC.a(layers.o)
                0x0000000008004a64                ai_layers_forward_all
 .text.ai_array_to_buffer_fmt
                0x0000000008004ad8       0x98 ../Middlewares/ST/AI/Lib\NetworkRuntime520_CM4_GCC.a(ai_datatypes_format.o)
                0x0000000008004ad8                ai_array_to_buffer_fmt
 .text.ai_array_get_byte_size
                0x0000000008004b70       0x44 ../Middlewares/ST/AI/Lib\NetworkRuntime520_CM4_GCC.a(ai_datatypes_format.o)
                0x0000000008004b70                ai_array_get_byte_size
 .text.__errno  0x0000000008004bb4        0xc c:/st/stm32cubeide_1.11.0/stm32cubeide/plugins/com.st.stm32cube.ide.mcu.externaltools.gnu-tools-for-stm32.10.3-2021.10.win32_1.0.100.202210260954/tools/bin/../lib/gcc/arm-none-eabi/10.3.1/../../../../arm-none-eabi/lib/thumb/v7e-m+fp/hard\libc_nano.a(lib_a-errno.o)
                0x0000000008004bb4                __errno
 .text.__libc_init_array
                0x0000000008004bc0       0x48 c:/st/stm32cubeide_1.11.0/stm32cubeide/plugins/com.st.stm32cube.ide.mcu.externaltools.gnu-tools-for-stm32.10.3-2021.10.win32_1.0.100.202210260954/tools/bin/../lib/gcc/arm-none-eabi/10.3.1/../../../../arm-none-eabi/lib/thumb/v7e-m+fp/hard\libc_nano.a(lib_a-init.o)
                0x0000000008004bc0                __libc_init_array
 .text.malloc   0x0000000008004c08       0x10 c:/st/stm32cubeide_1.11.0/stm32cubeide/plugins/com.st.stm32cube.ide.mcu.externaltools.gnu-tools-for-stm32.10.3-2021.10.win32_1.0.100.202210260954/tools/bin/../lib/gcc/arm-none-eabi/10.3.1/../../../../arm-none-eabi/lib/thumb/v7e-m+fp/hard\libc_nano.a(lib_a-malloc.o)
                0x0000000008004c08                malloc
 .text.memcpy   0x0000000008004c18       0x1c c:/st/stm32cubeide_1.11.0/stm32cubeide/plugins/com.st.stm32cube.ide.mcu.externaltools.gnu-tools-for-stm32.10.3-2021.10.win32_1.0.100.202210260954/tools/bin/../lib/gcc/arm-none-eabi/10.3.1/../../../../arm-none-eabi/lib/thumb/v7e-m+fp/hard\libc_nano.a(lib_a-memcpy-stub.o)
                0x0000000008004c18                memcpy
 .text.memset   0x0000000008004c34       0x10 c:/st/stm32cubeide_1.11.0/stm32cubeide/plugins/com.st.stm32cube.ide.mcu.externaltools.gnu-tools-for-stm32.10.3-2021.10.win32_1.0.100.202210260954/tools/bin/../lib/gcc/arm-none-eabi/10.3.1/../../../../arm-none-eabi/lib/thumb/v7e-m+fp/hard\libc_nano.a(lib_a-memset.o)
                0x0000000008004c34                memset
 .text._free_r  0x0000000008004c44       0x98 c:/st/stm32cubeide_1.11.0/stm32cubeide/plugins/com.st.stm32cube.ide.mcu.externaltools.gnu-tools-for-stm32.10.3-2021.10.win32_1.0.100.202210260954/tools/bin/../lib/gcc/arm-none-eabi/10.3.1/../../../../arm-none-eabi/lib/thumb/v7e-m+fp/hard\libc_nano.a(lib_a-nano-freer.o)
                0x0000000008004c44                _free_r
 .text.sbrk_aligned
                0x0000000008004cdc       0x40 c:/st/stm32cubeide_1.11.0/stm32cubeide/plugins/com.st.stm32cube.ide.mcu.externaltools.gnu-tools-for-stm32.10.3-2021.10.win32_1.0.100.202210260954/tools/bin/../lib/gcc/arm-none-eabi/10.3.1/../../../../arm-none-eabi/lib/thumb/v7e-m+fp/hard\libc_nano.a(lib_a-nano-mallocr.o)
 .text._malloc_r
                0x0000000008004d1c       0xe8 c:/st/stm32cubeide_1.11.0/stm32cubeide/plugins/com.st.stm32cube.ide.mcu.externaltools.gnu-tools-for-stm32.10.3-2021.10.win32_1.0.100.202210260954/tools/bin/../lib/gcc/arm-none-eabi/10.3.1/../../../../arm-none-eabi/lib/thumb/v7e-m+fp/hard\libc_nano.a(lib_a-nano-mallocr.o)
                0x0000000008004d1c                _malloc_r
 .text.__cvt    0x0000000008004e04       0xc4 c:/st/stm32cubeide_1.11.0/stm32cubeide/plugins/com.st.stm32cube.ide.mcu.externaltools.gnu-tools-for-stm32.10.3-2021.10.win32_1.0.100.202210260954/tools/bin/../lib/gcc/arm-none-eabi/10.3.1/../../../../arm-none-eabi/lib/thumb/v7e-m+fp/hard\libc_nano.a(lib_a-nano-vfprintf_float.o)
                0x0000000008004e04                __cvt
 .text.__exponent
                0x0000000008004ec8       0x7c c:/st/stm32cubeide_1.11.0/stm32cubeide/plugins/com.st.stm32cube.ide.mcu.externaltools.gnu-tools-for-stm32.10.3-2021.10.win32_1.0.100.202210260954/tools/bin/../lib/gcc/arm-none-eabi/10.3.1/../../../../arm-none-eabi/lib/thumb/v7e-m+fp/hard\libc_nano.a(lib_a-nano-vfprintf_float.o)
                0x0000000008004ec8                __exponent
 .text._printf_float
                0x0000000008004f44      0x46c c:/st/stm32cubeide_1.11.0/stm32cubeide/plugins/com.st.stm32cube.ide.mcu.externaltools.gnu-tools-for-stm32.10.3-2021.10.win32_1.0.100.202210260954/tools/bin/../lib/gcc/arm-none-eabi/10.3.1/../../../../arm-none-eabi/lib/thumb/v7e-m+fp/hard\libc_nano.a(lib_a-nano-vfprintf_float.o)
                0x0000000008004f44                _printf_float
 .text._printf_common
                0x00000000080053b0       0xda c:/st/stm32cubeide_1.11.0/stm32cubeide/plugins/com.st.stm32cube.ide.mcu.externaltools.gnu-tools-for-stm32.10.3-2021.10.win32_1.0.100.202210260954/tools/bin/../lib/gcc/arm-none-eabi/10.3.1/../../../../arm-none-eabi/lib/thumb/v7e-m+fp/hard\libc_nano.a(lib_a-nano-vfprintf_i.o)
                0x00000000080053b0                _printf_common
 *fill*         0x000000000800548a        0x2 
 .text._printf_i
                0x000000000800548c      0x24c c:/st/stm32cubeide_1.11.0/stm32cubeide/plugins/com.st.stm32cube.ide.mcu.externaltools.gnu-tools-for-stm32.10.3-2021.10.win32_1.0.100.202210260954/tools/bin/../lib/gcc/arm-none-eabi/10.3.1/../../../../arm-none-eabi/lib/thumb/v7e-m+fp/hard\libc_nano.a(lib_a-nano-vfprintf_i.o)
                0x000000000800548c                _printf_i
 .text._sbrk_r  0x00000000080056d8       0x20 c:/st/stm32cubeide_1.11.0/stm32cubeide/plugins/com.st.stm32cube.ide.mcu.externaltools.gnu-tools-for-stm32.10.3-2021.10.win32_1.0.100.202210260954/tools/bin/../lib/gcc/arm-none-eabi/10.3.1/../../../../arm-none-eabi/lib/thumb/v7e-m+fp/hard\libc_nano.a(lib_a-sbrkr.o)
                0x00000000080056d8                _sbrk_r
 .text.snprintf
                0x00000000080056f8       0x68 c:/st/stm32cubeide_1.11.0/stm32cubeide/plugins/com.st.stm32cube.ide.mcu.externaltools.gnu-tools-for-stm32.10.3-2021.10.win32_1.0.100.202210260954/tools/bin/../lib/gcc/arm-none-eabi/10.3.1/../../../../arm-none-eabi/lib/thumb/v7e-m+fp/hard\libc_nano.a(lib_a-snprintf.o)
                0x00000000080056f8                sniprintf
                0x00000000080056f8                snprintf
 .text.sprintf  0x0000000008005760       0x40 c:/st/stm32cubeide_1.11.0/stm32cubeide/plugins/com.st.stm32cube.ide.mcu.externaltools.gnu-tools-for-stm32.10.3-2021.10.win32_1.0.100.202210260954/tools/bin/../lib/gcc/arm-none-eabi/10.3.1/../../../../arm-none-eabi/lib/thumb/v7e-m+fp/hard\libc_nano.a(lib_a-sprintf.o)
                0x0000000008005760                siprintf
                0x0000000008005760                sprintf
 .text.quorem   0x00000000080057a0      0x116 c:/st/stm32cubeide_1.11.0/stm32cubeide/plugins/com.st.stm32cube.ide.mcu.externaltools.gnu-tools-for-stm32.10.3-2021.10.win32_1.0.100.202210260954/tools/bin/../lib/gcc/arm-none-eabi/10.3.1/../../../../arm-none-eabi/lib/thumb/v7e-m+fp/hard\libc_nano.a(lib_a-dtoa.o)
 *fill*         0x00000000080058b6        0x2 
 .text._dtoa_r  0x00000000080058b8      0xbdc c:/st/stm32cubeide_1.11.0/stm32cubeide/plugins/com.st.stm32cube.ide.mcu.externaltools.gnu-tools-for-stm32.10.3-2021.10.win32_1.0.100.202210260954/tools/bin/../lib/gcc/arm-none-eabi/10.3.1/../../../../arm-none-eabi/lib/thumb/v7e-m+fp/hard\libc_nano.a(lib_a-dtoa.o)
                0x00000000080058b8                _dtoa_r
 .text._localeconv_r
                0x0000000008006494        0x8 c:/st/stm32cubeide_1.11.0/stm32cubeide/plugins/com.st.stm32cube.ide.mcu.externaltools.gnu-tools-for-stm32.10.3-2021.10.win32_1.0.100.202210260954/tools/bin/../lib/gcc/arm-none-eabi/10.3.1/../../../../arm-none-eabi/lib/thumb/v7e-m+fp/hard\libc_nano.a(lib_a-localeconv.o)
                0x0000000008006494                _localeconv_r
 .text.__malloc_lock
                0x000000000800649c        0xc c:/st/stm32cubeide_1.11.0/stm32cubeide/plugins/com.st.stm32cube.ide.mcu.externaltools.gnu-tools-for-stm32.10.3-2021.10.win32_1.0.100.202210260954/tools/bin/../lib/gcc/arm-none-eabi/10.3.1/../../../../arm-none-eabi/lib/thumb/v7e-m+fp/hard\libc_nano.a(lib_a-mlock.o)
                0x000000000800649c                __malloc_lock
 .text.__malloc_unlock
                0x00000000080064a8        0xc c:/st/stm32cubeide_1.11.0/stm32cubeide/plugins/com.st.stm32cube.ide.mcu.externaltools.gnu-tools-for-stm32.10.3-2021.10.win32_1.0.100.202210260954/tools/bin/../lib/gcc/arm-none-eabi/10.3.1/../../../../arm-none-eabi/lib/thumb/v7e-m+fp/hard\libc_nano.a(lib_a-mlock.o)
                0x00000000080064a8                __malloc_unlock
 .text._Balloc  0x00000000080064b4       0x80 c:/st/stm32cubeide_1.11.0/stm32cubeide/plugins/com.st.stm32cube.ide.mcu.externaltools.gnu-tools-for-stm32.10.3-2021.10.win32_1.0.100.202210260954/tools/bin/../lib/gcc/arm-none-eabi/10.3.1/../../../../arm-none-eabi/lib/thumb/v7e-m+fp/hard\libc_nano.a(lib_a-mprec.o)
                0x00000000080064b4                _Balloc
 .text._Bfree   0x0000000008006534       0x44 c:/st/stm32cubeide_1.11.0/stm32cubeide/plugins/com.st.stm32cube.ide.mcu.externaltools.gnu-tools-for-stm32.10.3-2021.10.win32_1.0.100.202210260954/tools/bin/../lib/gcc/arm-none-eabi/10.3.1/../../../../arm-none-eabi/lib/thumb/v7e-m+fp/hard\libc_nano.a(lib_a-mprec.o)
                0x0000000008006534                _Bfree
 .text.__multadd
                0x0000000008006578       0x8c c:/st/stm32cubeide_1.11.0/stm32cubeide/plugins/com.st.stm32cube.ide.mcu.externaltools.gnu-tools-for-stm32.10.3-2021.10.win32_1.0.100.202210260954/tools/bin/../lib/gcc/arm-none-eabi/10.3.1/../../../../arm-none-eabi/lib/thumb/v7e-m+fp/hard\libc_nano.a(lib_a-mprec.o)
                0x0000000008006578                __multadd
 .text.__hi0bits
                0x0000000008006604       0x40 c:/st/stm32cubeide_1.11.0/stm32cubeide/plugins/com.st.stm32cube.ide.mcu.externaltools.gnu-tools-for-stm32.10.3-2021.10.win32_1.0.100.202210260954/tools/bin/../lib/gcc/arm-none-eabi/10.3.1/../../../../arm-none-eabi/lib/thumb/v7e-m+fp/hard\libc_nano.a(lib_a-mprec.o)
                0x0000000008006604                __hi0bits
 .text.__lo0bits
                0x0000000008006644       0x5e c:/st/stm32cubeide_1.11.0/stm32cubeide/plugins/com.st.stm32cube.ide.mcu.externaltools.gnu-tools-for-stm32.10.3-2021.10.win32_1.0.100.202210260954/tools/bin/../lib/gcc/arm-none-eabi/10.3.1/../../../../arm-none-eabi/lib/thumb/v7e-m+fp/hard\libc_nano.a(lib_a-mprec.o)
                0x0000000008006644                __lo0bits
 *fill*         0x00000000080066a2        0x2 
 .text.__i2b    0x00000000080066a4       0x2c c:/st/stm32cubeide_1.11.0/stm32cubeide/plugins/com.st.stm32cube.ide.mcu.externaltools.gnu-tools-for-stm32.10.3-2021.10.win32_1.0.100.202210260954/tools/bin/../lib/gcc/arm-none-eabi/10.3.1/../../../../arm-none-eabi/lib/thumb/v7e-m+fp/hard\libc_nano.a(lib_a-mprec.o)
                0x00000000080066a4                __i2b
 .text.__multiply
                0x00000000080066d0      0x154 c:/st/stm32cubeide_1.11.0/stm32cubeide/plugins/com.st.stm32cube.ide.mcu.externaltools.gnu-tools-for-stm32.10.3-2021.10.win32_1.0.100.202210260954/tools/bin/../lib/gcc/arm-none-eabi/10.3.1/../../../../arm-none-eabi/lib/thumb/v7e-m+fp/hard\libc_nano.a(lib_a-mprec.o)
                0x00000000080066d0                __multiply
 .text.__pow5mult
                0x0000000008006824       0xb4 c:/st/stm32cubeide_1.11.0/stm32cubeide/plugins/com.st.stm32cube.ide.mcu.externaltools.gnu-tools-for-stm32.10.3-2021.10.win32_1.0.100.202210260954/tools/bin/../lib/gcc/arm-none-eabi/10.3.1/../../../../arm-none-eabi/lib/thumb/v7e-m+fp/hard\libc_nano.a(lib_a-mprec.o)
                0x0000000008006824                __pow5mult
 .text.__lshift
                0x00000000080068d8       0xe0 c:/st/stm32cubeide_1.11.0/stm32cubeide/plugins/com.st.stm32cube.ide.mcu.externaltools.gnu-tools-for-stm32.10.3-2021.10.win32_1.0.100.202210260954/tools/bin/../lib/gcc/arm-none-eabi/10.3.1/../../../../arm-none-eabi/lib/thumb/v7e-m+fp/hard\libc_nano.a(lib_a-mprec.o)
                0x00000000080068d8                __lshift
 .text.__mcmp   0x00000000080069b8       0x38 c:/st/stm32cubeide_1.11.0/stm32cubeide/plugins/com.st.stm32cube.ide.mcu.externaltools.gnu-tools-for-stm32.10.3-2021.10.win32_1.0.100.202210260954/tools/bin/../lib/gcc/arm-none-eabi/10.3.1/../../../../arm-none-eabi/lib/thumb/v7e-m+fp/hard\libc_nano.a(lib_a-mprec.o)
                0x00000000080069b8                __mcmp
 .text.__mdiff  0x00000000080069f0      0x114 c:/st/stm32cubeide_1.11.0/stm32cubeide/plugins/com.st.stm32cube.ide.mcu.externaltools.gnu-tools-for-stm32.10.3-2021.10.win32_1.0.100.202210260954/tools/bin/../lib/gcc/arm-none-eabi/10.3.1/../../../../arm-none-eabi/lib/thumb/v7e-m+fp/hard\libc_nano.a(lib_a-mprec.o)
                0x00000000080069f0                __mdiff
 .text.__d2b    0x0000000008006b04       0xb8 c:/st/stm32cubeide_1.11.0/stm32cubeide/plugins/com.st.stm32cube.ide.mcu.externaltools.gnu-tools-for-stm32.10.3-2021.10.win32_1.0.100.202210260954/tools/bin/../lib/gcc/arm-none-eabi/10.3.1/../../../../arm-none-eabi/lib/thumb/v7e-m+fp/hard\libc_nano.a(lib_a-mprec.o)
                0x0000000008006b04                __d2b
 .text._calloc_r
                0x0000000008006bbc       0x2c c:/st/stm32cubeide_1.11.0/stm32cubeide/plugins/com.st.stm32cube.ide.mcu.externaltools.gnu-tools-for-stm32.10.3-2021.10.win32_1.0.100.202210260954/tools/bin/../lib/gcc/arm-none-eabi/10.3.1/../../../../arm-none-eabi/lib/thumb/v7e-m+fp/hard\libc_nano.a(lib_a-nano-callocr.o)
                0x0000000008006bbc                _calloc_r
 .text._realloc_r
                0x0000000008006be8       0x5e c:/st/stm32cubeide_1.11.0/stm32cubeide/plugins/com.st.stm32cube.ide.mcu.externaltools.gnu-tools-for-stm32.10.3-2021.10.win32_1.0.100.202210260954/tools/bin/../lib/gcc/arm-none-eabi/10.3.1/../../../../arm-none-eabi/lib/thumb/v7e-m+fp/hard\libc_nano.a(lib_a-nano-reallocr.o)
                0x0000000008006be8                _realloc_r
 .text.__ssputs_r
                0x0000000008006c46       0xb6 c:/st/stm32cubeide_1.11.0/stm32cubeide/plugins/com.st.stm32cube.ide.mcu.externaltools.gnu-tools-for-stm32.10.3-2021.10.win32_1.0.100.202210260954/tools/bin/../lib/gcc/arm-none-eabi/10.3.1/../../../../arm-none-eabi/lib/thumb/v7e-m+fp/hard\libc_nano.a(lib_a-nano-svfprintf.o)
                0x0000000008006c46                __ssputs_r
 .text._svfprintf_r
                0x0000000008006cfc      0x200 c:/st/stm32cubeide_1.11.0/stm32cubeide/plugins/com.st.stm32cube.ide.mcu.externaltools.gnu-tools-for-stm32.10.3-2021.10.win32_1.0.100.202210260954/tools/bin/../lib/gcc/arm-none-eabi/10.3.1/../../../../arm-none-eabi/lib/thumb/v7e-m+fp/hard\libc_nano.a(lib_a-nano-svfprintf.o)
                0x0000000008006cfc                _svfiprintf_r
                0x0000000008006cfc                _svfprintf_r
 .text.__assert_func
                0x0000000008006efc       0x3c c:/st/stm32cubeide_1.11.0/stm32cubeide/plugins/com.st.stm32cube.ide.mcu.externaltools.gnu-tools-for-stm32.10.3-2021.10.win32_1.0.100.202210260954/tools/bin/../lib/gcc/arm-none-eabi/10.3.1/../../../../arm-none-eabi/lib/thumb/v7e-m+fp/hard\libc_nano.a(lib_a-assert.o)
                0x0000000008006efc                __assert_func
 .text.fprintf  0x0000000008006f38       0x24 c:/st/stm32cubeide_1.11.0/stm32cubeide/plugins/com.st.stm32cube.ide.mcu.externaltools.gnu-tools-for-stm32.10.3-2021.10.win32_1.0.100.202210260954/tools/bin/../lib/gcc/arm-none-eabi/10.3.1/../../../../arm-none-eabi/lib/thumb/v7e-m+fp/hard\libc_nano.a(lib_a-fprintf.o)
                0x0000000008006f38                fiprintf
                0x0000000008006f38                fprintf
 .text.__retarget_lock_init_recursive
                0x0000000008006f5c        0x2 c:/st/stm32cubeide_1.11.0/stm32cubeide/plugins/com.st.stm32cube.ide.mcu.externaltools.gnu-tools-for-stm32.10.3-2021.10.win32_1.0.100.202210260954/tools/bin/../lib/gcc/arm-none-eabi/10.3.1/../../../../arm-none-eabi/lib/thumb/v7e-m+fp/hard\libc_nano.a(lib_a-lock.o)
                0x0000000008006f5c                __retarget_lock_init_recursive
 .text.__retarget_lock_acquire_recursive
                0x0000000008006f5e        0x2 c:/st/stm32cubeide_1.11.0/stm32cubeide/plugins/com.st.stm32cube.ide.mcu.externaltools.gnu-tools-for-stm32.10.3-2021.10.win32_1.0.100.202210260954/tools/bin/../lib/gcc/arm-none-eabi/10.3.1/../../../../arm-none-eabi/lib/thumb/v7e-m+fp/hard\libc_nano.a(lib_a-lock.o)
                0x0000000008006f5e                __retarget_lock_acquire_recursive
 .text.__retarget_lock_release_recursive
                0x0000000008006f60        0x2 c:/st/stm32cubeide_1.11.0/stm32cubeide/plugins/com.st.stm32cube.ide.mcu.externaltools.gnu-tools-for-stm32.10.3-2021.10.win32_1.0.100.202210260954/tools/bin/../lib/gcc/arm-none-eabi/10.3.1/../../../../arm-none-eabi/lib/thumb/v7e-m+fp/hard\libc_nano.a(lib_a-lock.o)
                0x0000000008006f60                __retarget_lock_release_recursive
 .text.__ascii_mbtowc
                0x0000000008006f62       0x24 c:/st/stm32cubeide_1.11.0/stm32cubeide/plugins/com.st.stm32cube.ide.mcu.externaltools.gnu-tools-for-stm32.10.3-2021.10.win32_1.0.100.202210260954/tools/bin/../lib/gcc/arm-none-eabi/10.3.1/../../../../arm-none-eabi/lib/thumb/v7e-m+fp/hard\libc_nano.a(lib_a-mbtowc_r.o)
                0x0000000008006f62                __ascii_mbtowc
 .text.memmove  0x0000000008006f86       0x34 c:/st/stm32cubeide_1.11.0/stm32cubeide/plugins/com.st.stm32cube.ide.mcu.externaltools.gnu-tools-for-stm32.10.3-2021.10.win32_1.0.100.202210260954/tools/bin/../lib/gcc/arm-none-eabi/10.3.1/../../../../arm-none-eabi/lib/thumb/v7e-m+fp/hard\libc_nano.a(lib_a-memmove.o)
                0x0000000008006f86                memmove
 .text._malloc_usable_size_r
                0x0000000008006fba       0x10 c:/st/stm32cubeide_1.11.0/stm32cubeide/plugins/com.st.stm32cube.ide.mcu.externaltools.gnu-tools-for-stm32.10.3-2021.10.win32_1.0.100.202210260954/tools/bin/../lib/gcc/arm-none-eabi/10.3.1/../../../../arm-none-eabi/lib/thumb/v7e-m+fp/hard\libc_nano.a(lib_a-nano-msizer.o)
                0x0000000008006fba                _malloc_usable_size_r
 .text.__sfputc_r
                0x0000000008006fca       0x2e c:/st/stm32cubeide_1.11.0/stm32cubeide/plugins/com.st.stm32cube.ide.mcu.externaltools.gnu-tools-for-stm32.10.3-2021.10.win32_1.0.100.202210260954/tools/bin/../lib/gcc/arm-none-eabi/10.3.1/../../../../arm-none-eabi/lib/thumb/v7e-m+fp/hard\libc_nano.a(lib_a-nano-vfprintf.o)
 .text.__sfputs_r
                0x0000000008006ff8       0x24 c:/st/stm32cubeide_1.11.0/stm32cubeide/plugins/com.st.stm32cube.ide.mcu.externaltools.gnu-tools-for-stm32.10.3-2021.10.win32_1.0.100.202210260954/tools/bin/../lib/gcc/arm-none-eabi/10.3.1/../../../../arm-none-eabi/lib/thumb/v7e-m+fp/hard\libc_nano.a(lib_a-nano-vfprintf.o)
                0x0000000008006ff8                __sfputs_r
 .text._vfprintf_r
                0x000000000800701c      0x260 c:/st/stm32cubeide_1.11.0/stm32cubeide/plugins/com.st.stm32cube.ide.mcu.externaltools.gnu-tools-for-stm32.10.3-2021.10.win32_1.0.100.202210260954/tools/bin/../lib/gcc/arm-none-eabi/10.3.1/../../../../arm-none-eabi/lib/thumb/v7e-m+fp/hard\libc_nano.a(lib_a-nano-vfprintf.o)
                0x000000000800701c                _vfprintf_r
                0x000000000800701c                _vfiprintf_r
 .text.__swbuf_r
                0x000000000800727c       0xa4 c:/st/stm32cubeide_1.11.0/stm32cubeide/plugins/com.st.stm32cube.ide.mcu.externaltools.gnu-tools-for-stm32.10.3-2021.10.win32_1.0.100.202210260954/tools/bin/../lib/gcc/arm-none-eabi/10.3.1/../../../../arm-none-eabi/lib/thumb/v7e-m+fp/hard\libc_nano.a(lib_a-wbuf.o)
                0x000000000800727c                __swbuf_r
 .text.__ascii_wctomb
                0x0000000008007320       0x1a c:/st/stm32cubeide_1.11.0/stm32cubeide/plugins/com.st.stm32cube.ide.mcu.externaltools.gnu-tools-for-stm32.10.3-2021.10.win32_1.0.100.202210260954/tools/bin/../lib/gcc/arm-none-eabi/10.3.1/../../../../arm-none-eabi/lib/thumb/v7e-m+fp/hard\libc_nano.a(lib_a-wctomb_r.o)
                0x0000000008007320                __ascii_wctomb
 *fill*         0x000000000800733a        0x2 
 .text.__swsetup_r
                0x000000000800733c       0xdc c:/st/stm32cubeide_1.11.0/stm32cubeide/plugins/com.st.stm32cube.ide.mcu.externaltools.gnu-tools-for-stm32.10.3-2021.10.win32_1.0.100.202210260954/tools/bin/../lib/gcc/arm-none-eabi/10.3.1/../../../../arm-none-eabi/lib/thumb/v7e-m+fp/hard\libc_nano.a(lib_a-wsetup.o)
                0x000000000800733c                __swsetup_r
 .text.abort    0x0000000008007418        0xe c:/st/stm32cubeide_1.11.0/stm32cubeide/plugins/com.st.stm32cube.ide.mcu.externaltools.gnu-tools-for-stm32.10.3-2021.10.win32_1.0.100.202210260954/tools/bin/../lib/gcc/arm-none-eabi/10.3.1/../../../../arm-none-eabi/lib/thumb/v7e-m+fp/hard\libc_nano.a(lib_a-abort.o)
                0x0000000008007418                abort
 *fill*         0x0000000008007426        0x2 
 .text.__sflush_r
                0x0000000008007428      0x10c c:/st/stm32cubeide_1.11.0/stm32cubeide/plugins/com.st.stm32cube.ide.mcu.externaltools.gnu-tools-for-stm32.10.3-2021.10.win32_1.0.100.202210260954/tools/bin/../lib/gcc/arm-none-eabi/10.3.1/../../../../arm-none-eabi/lib/thumb/v7e-m+fp/hard\libc_nano.a(lib_a-fflush.o)
                0x0000000008007428                __sflush_r
 .text._fflush_r
                0x0000000008007534       0x78 c:/st/stm32cubeide_1.11.0/stm32cubeide/plugins/com.st.stm32cube.ide.mcu.externaltools.gnu-tools-for-stm32.10.3-2021.10.win32_1.0.100.202210260954/tools/bin/../lib/gcc/arm-none-eabi/10.3.1/../../../../arm-none-eabi/lib/thumb/v7e-m+fp/hard\libc_nano.a(lib_a-fflush.o)
                0x0000000008007534                _fflush_r
 .text.std      0x00000000080075ac       0x48 c:/st/stm32cubeide_1.11.0/stm32cubeide/plugins/com.st.stm32cube.ide.mcu.externaltools.gnu-tools-for-stm32.10.3-2021.10.win32_1.0.100.202210260954/tools/bin/../lib/gcc/arm-none-eabi/10.3.1/../../../../arm-none-eabi/lib/thumb/v7e-m+fp/hard\libc_nano.a(lib_a-findfp.o)
 .text._cleanup_r
                0x00000000080075f4        0xc c:/st/stm32cubeide_1.11.0/stm32cubeide/plugins/com.st.stm32cube.ide.mcu.externaltools.gnu-tools-for-stm32.10.3-2021.10.win32_1.0.100.202210260954/tools/bin/../lib/gcc/arm-none-eabi/10.3.1/../../../../arm-none-eabi/lib/thumb/v7e-m+fp/hard\libc_nano.a(lib_a-findfp.o)
                0x00000000080075f4                _cleanup_r
 .text.__sfmoreglue
                0x0000000008007600       0x2c c:/st/stm32cubeide_1.11.0/stm32cubeide/plugins/com.st.stm32cube.ide.mcu.externaltools.gnu-tools-for-stm32.10.3-2021.10.win32_1.0.100.202210260954/tools/bin/../lib/gcc/arm-none-eabi/10.3.1/../../../../arm-none-eabi/lib/thumb/v7e-m+fp/hard\libc_nano.a(lib_a-findfp.o)
                0x0000000008007600                __sfmoreglue
 .text.__sfp_lock_acquire
                0x000000000800762c        0xc c:/st/stm32cubeide_1.11.0/stm32cubeide/plugins/com.st.stm32cube.ide.mcu.externaltools.gnu-tools-for-stm32.10.3-2021.10.win32_1.0.100.202210260954/tools/bin/../lib/gcc/arm-none-eabi/10.3.1/../../../../arm-none-eabi/lib/thumb/v7e-m+fp/hard\libc_nano.a(lib_a-findfp.o)
                0x000000000800762c                __sfp_lock_acquire
 .text.__sfp_lock_release
                0x0000000008007638        0xc c:/st/stm32cubeide_1.11.0/stm32cubeide/plugins/com.st.stm32cube.ide.mcu.externaltools.gnu-tools-for-stm32.10.3-2021.10.win32_1.0.100.202210260954/tools/bin/../lib/gcc/arm-none-eabi/10.3.1/../../../../arm-none-eabi/lib/thumb/v7e-m+fp/hard\libc_nano.a(lib_a-findfp.o)
                0x0000000008007638                __sfp_lock_release
 .text.__sinit_lock_acquire
                0x0000000008007644        0xc c:/st/stm32cubeide_1.11.0/stm32cubeide/plugins/com.st.stm32cube.ide.mcu.externaltools.gnu-tools-for-stm32.10.3-2021.10.win32_1.0.100.202210260954/tools/bin/../lib/gcc/arm-none-eabi/10.3.1/../../../../arm-none-eabi/lib/thumb/v7e-m+fp/hard\libc_nano.a(lib_a-findfp.o)
                0x0000000008007644                __sinit_lock_acquire
 .text.__sinit_lock_release
                0x0000000008007650        0xc c:/st/stm32cubeide_1.11.0/stm32cubeide/plugins/com.st.stm32cube.ide.mcu.externaltools.gnu-tools-for-stm32.10.3-2021.10.win32_1.0.100.202210260954/tools/bin/../lib/gcc/arm-none-eabi/10.3.1/../../../../arm-none-eabi/lib/thumb/v7e-m+fp/hard\libc_nano.a(lib_a-findfp.o)
                0x0000000008007650                __sinit_lock_release
 .text.__sinit  0x000000000800765c       0x70 c:/st/stm32cubeide_1.11.0/stm32cubeide/plugins/com.st.stm32cube.ide.mcu.externaltools.gnu-tools-for-stm32.10.3-2021.10.win32_1.0.100.202210260954/tools/bin/../lib/gcc/arm-none-eabi/10.3.1/../../../../arm-none-eabi/lib/thumb/v7e-m+fp/hard\libc_nano.a(lib_a-findfp.o)
                0x000000000800765c                __sinit
 .text.__sfp    0x00000000080076cc       0x8c c:/st/stm32cubeide_1.11.0/stm32cubeide/plugins/com.st.stm32cube.ide.mcu.externaltools.gnu-tools-for-stm32.10.3-2021.10.win32_1.0.100.202210260954/tools/bin/../lib/gcc/arm-none-eabi/10.3.1/../../../../arm-none-eabi/lib/thumb/v7e-m+fp/hard\libc_nano.a(lib_a-findfp.o)
                0x00000000080076cc                __sfp
 .text._fwalk_reent
                0x0000000008007758       0x3e c:/st/stm32cubeide_1.11.0/stm32cubeide/plugins/com.st.stm32cube.ide.mcu.externaltools.gnu-tools-for-stm32.10.3-2021.10.win32_1.0.100.202210260954/tools/bin/../lib/gcc/arm-none-eabi/10.3.1/../../../../arm-none-eabi/lib/thumb/v7e-m+fp/hard\libc_nano.a(lib_a-fwalk.o)
                0x0000000008007758                _fwalk_reent
 .text.__swhatbuf_r
                0x0000000008007796       0x4a c:/st/stm32cubeide_1.11.0/stm32cubeide/plugins/com.st.stm32cube.ide.mcu.externaltools.gnu-tools-for-stm32.10.3-2021.10.win32_1.0.100.202210260954/tools/bin/../lib/gcc/arm-none-eabi/10.3.1/../../../../arm-none-eabi/lib/thumb/v7e-m+fp/hard\libc_nano.a(lib_a-makebuf.o)
                0x0000000008007796                __swhatbuf_r
 .text.__smakebuf_r
                0x00000000080077e0       0x80 c:/st/stm32cubeide_1.11.0/stm32cubeide/plugins/com.st.stm32cube.ide.mcu.externaltools.gnu-tools-for-stm32.10.3-2021.10.win32_1.0.100.202210260954/tools/bin/../lib/gcc/arm-none-eabi/10.3.1/../../../../arm-none-eabi/lib/thumb/v7e-m+fp/hard\libc_nano.a(lib_a-makebuf.o)
                0x00000000080077e0                __smakebuf_r
 .text._raise_r
                0x0000000008007860       0x50 c:/st/stm32cubeide_1.11.0/stm32cubeide/plugins/com.st.stm32cube.ide.mcu.externaltools.gnu-tools-for-stm32.10.3-2021.10.win32_1.0.100.202210260954/tools/bin/../lib/gcc/arm-none-eabi/10.3.1/../../../../arm-none-eabi/lib/thumb/v7e-m+fp/hard\libc_nano.a(lib_a-signal.o)
                0x0000000008007860                _raise_r
 .text.raise    0x00000000080078b0       0x10 c:/st/stm32cubeide_1.11.0/stm32cubeide/plugins/com.st.stm32cube.ide.mcu.externaltools.gnu-tools-for-stm32.10.3-2021.10.win32_1.0.100.202210260954/tools/bin/../lib/gcc/arm-none-eabi/10.3.1/../../../../arm-none-eabi/lib/thumb/v7e-m+fp/hard\libc_nano.a(lib_a-signal.o)
                0x00000000080078b0                raise
 .text._kill_r  0x00000000080078c0       0x24 c:/st/stm32cubeide_1.11.0/stm32cubeide/plugins/com.st.stm32cube.ide.mcu.externaltools.gnu-tools-for-stm32.10.3-2021.10.win32_1.0.100.202210260954/tools/bin/../lib/gcc/arm-none-eabi/10.3.1/../../../../arm-none-eabi/lib/thumb/v7e-m+fp/hard\libc_nano.a(lib_a-signalr.o)
                0x00000000080078c0                _kill_r
 .text._getpid_r
                0x00000000080078e4        0x4 c:/st/stm32cubeide_1.11.0/stm32cubeide/plugins/com.st.stm32cube.ide.mcu.externaltools.gnu-tools-for-stm32.10.3-2021.10.win32_1.0.100.202210260954/tools/bin/../lib/gcc/arm-none-eabi/10.3.1/../../../../arm-none-eabi/lib/thumb/v7e-m+fp/hard\libc_nano.a(lib_a-signalr.o)
                0x00000000080078e4                _getpid_r
 .text.__sread  0x00000000080078e8       0x22 c:/st/stm32cubeide_1.11.0/stm32cubeide/plugins/com.st.stm32cube.ide.mcu.externaltools.gnu-tools-for-stm32.10.3-2021.10.win32_1.0.100.202210260954/tools/bin/../lib/gcc/arm-none-eabi/10.3.1/../../../../arm-none-eabi/lib/thumb/v7e-m+fp/hard\libc_nano.a(lib_a-stdio.o)
                0x00000000080078e8                __sread
 .text.__swrite
                0x000000000800790a       0x38 c:/st/stm32cubeide_1.11.0/stm32cubeide/plugins/com.st.stm32cube.ide.mcu.externaltools.gnu-tools-for-stm32.10.3-2021.10.win32_1.0.100.202210260954/tools/bin/../lib/gcc/arm-none-eabi/10.3.1/../../../../arm-none-eabi/lib/thumb/v7e-m+fp/hard\libc_nano.a(lib_a-stdio.o)
                0x000000000800790a                __swrite
 .text.__sseek  0x0000000008007942       0x24 c:/st/stm32cubeide_1.11.0/stm32cubeide/plugins/com.st.stm32cube.ide.mcu.externaltools.gnu-tools-for-stm32.10.3-2021.10.win32_1.0.100.202210260954/tools/bin/../lib/gcc/arm-none-eabi/10.3.1/../../../../arm-none-eabi/lib/thumb/v7e-m+fp/hard\libc_nano.a(lib_a-stdio.o)
                0x0000000008007942                __sseek
 .text.__sclose
                0x0000000008007966        0x8 c:/st/stm32cubeide_1.11.0/stm32cubeide/plugins/com.st.stm32cube.ide.mcu.externaltools.gnu-tools-for-stm32.10.3-2021.10.win32_1.0.100.202210260954/tools/bin/../lib/gcc/arm-none-eabi/10.3.1/../../../../arm-none-eabi/lib/thumb/v7e-m+fp/hard\libc_nano.a(lib_a-stdio.o)
                0x0000000008007966                __sclose
 *fill*         0x000000000800796e        0x2 
 .text._write_r
                0x0000000008007970       0x24 c:/st/stm32cubeide_1.11.0/stm32cubeide/plugins/com.st.stm32cube.ide.mcu.externaltools.gnu-tools-for-stm32.10.3-2021.10.win32_1.0.100.202210260954/tools/bin/../lib/gcc/arm-none-eabi/10.3.1/../../../../arm-none-eabi/lib/thumb/v7e-m+fp/hard\libc_nano.a(lib_a-writer.o)
                0x0000000008007970                _write_r
 .text._close_r
                0x0000000008007994       0x20 c:/st/stm32cubeide_1.11.0/stm32cubeide/plugins/com.st.stm32cube.ide.mcu.externaltools.gnu-tools-for-stm32.10.3-2021.10.win32_1.0.100.202210260954/tools/bin/../lib/gcc/arm-none-eabi/10.3.1/../../../../arm-none-eabi/lib/thumb/v7e-m+fp/hard\libc_nano.a(lib_a-closer.o)
                0x0000000008007994                _close_r
 .text._fstat_r
                0x00000000080079b4       0x24 c:/st/stm32cubeide_1.11.0/stm32cubeide/plugins/com.st.stm32cube.ide.mcu.externaltools.gnu-tools-for-stm32.10.3-2021.10.win32_1.0.100.202210260954/tools/bin/../lib/gcc/arm-none-eabi/10.3.1/../../../../arm-none-eabi/lib/thumb/v7e-m+fp/hard\libc_nano.a(lib_a-fstatr.o)
                0x00000000080079b4                _fstat_r
 .text._isatty_r
                0x00000000080079d8       0x20 c:/st/stm32cubeide_1.11.0/stm32cubeide/plugins/com.st.stm32cube.ide.mcu.externaltools.gnu-tools-for-stm32.10.3-2021.10.win32_1.0.100.202210260954/tools/bin/../lib/gcc/arm-none-eabi/10.3.1/../../../../arm-none-eabi/lib/thumb/v7e-m+fp/hard\libc_nano.a(lib_a-isattyr.o)
                0x00000000080079d8                _isatty_r
 .text._lseek_r
                0x00000000080079f8       0x24 c:/st/stm32cubeide_1.11.0/stm32cubeide/plugins/com.st.stm32cube.ide.mcu.externaltools.gnu-tools-for-stm32.10.3-2021.10.win32_1.0.100.202210260954/tools/bin/../lib/gcc/arm-none-eabi/10.3.1/../../../../arm-none-eabi/lib/thumb/v7e-m+fp/hard\libc_nano.a(lib_a-lseekr.o)
                0x00000000080079f8                _lseek_r
 .text._read_r  0x0000000008007a1c       0x24 c:/st/stm32cubeide_1.11.0/stm32cubeide/plugins/com.st.stm32cube.ide.mcu.externaltools.gnu-tools-for-stm32.10.3-2021.10.win32_1.0.100.202210260954/tools/bin/../lib/gcc/arm-none-eabi/10.3.1/../../../../arm-none-eabi/lib/thumb/v7e-m+fp/hard\libc_nano.a(lib_a-readr.o)
                0x0000000008007a1c                _read_r
 .text._close   0x0000000008007a40       0x10 c:/st/stm32cubeide_1.11.0/stm32cubeide/plugins/com.st.stm32cube.ide.mcu.externaltools.gnu-tools-for-stm32.10.3-2021.10.win32_1.0.100.202210260954/tools/bin/../lib/gcc/arm-none-eabi/10.3.1/../../../../arm-none-eabi/lib/thumb/v7e-m+fp/hard\libnosys.a(close.o)
                0x0000000008007a40                _close
 .text._fstat   0x0000000008007a50       0x10 c:/st/stm32cubeide_1.11.0/stm32cubeide/plugins/com.st.stm32cube.ide.mcu.externaltools.gnu-tools-for-stm32.10.3-2021.10.win32_1.0.100.202210260954/tools/bin/../lib/gcc/arm-none-eabi/10.3.1/../../../../arm-none-eabi/lib/thumb/v7e-m+fp/hard\libnosys.a(fstat.o)
                0x0000000008007a50                _fstat
 .text._getpid  0x0000000008007a60       0x10 c:/st/stm32cubeide_1.11.0/stm32cubeide/plugins/com.st.stm32cube.ide.mcu.externaltools.gnu-tools-for-stm32.10.3-2021.10.win32_1.0.100.202210260954/tools/bin/../lib/gcc/arm-none-eabi/10.3.1/../../../../arm-none-eabi/lib/thumb/v7e-m+fp/hard\libnosys.a(getpid.o)
                0x0000000008007a60                _getpid
 .text._isatty  0x0000000008007a70       0x10 c:/st/stm32cubeide_1.11.0/stm32cubeide/plugins/com.st.stm32cube.ide.mcu.externaltools.gnu-tools-for-stm32.10.3-2021.10.win32_1.0.100.202210260954/tools/bin/../lib/gcc/arm-none-eabi/10.3.1/../../../../arm-none-eabi/lib/thumb/v7e-m+fp/hard\libnosys.a(isatty.o)
                0x0000000008007a70                _isatty
 .text._kill    0x0000000008007a80       0x10 c:/st/stm32cubeide_1.11.0/stm32cubeide/plugins/com.st.stm32cube.ide.mcu.externaltools.gnu-tools-for-stm32.10.3-2021.10.win32_1.0.100.202210260954/tools/bin/../lib/gcc/arm-none-eabi/10.3.1/../../../../arm-none-eabi/lib/thumb/v7e-m+fp/hard\libnosys.a(kill.o)
                0x0000000008007a80                _kill
 .text._lseek   0x0000000008007a90       0x10 c:/st/stm32cubeide_1.11.0/stm32cubeide/plugins/com.st.stm32cube.ide.mcu.externaltools.gnu-tools-for-stm32.10.3-2021.10.win32_1.0.100.202210260954/tools/bin/../lib/gcc/arm-none-eabi/10.3.1/../../../../arm-none-eabi/lib/thumb/v7e-m+fp/hard\libnosys.a(lseek.o)
                0x0000000008007a90                _lseek
 .text._read    0x0000000008007aa0       0x10 c:/st/stm32cubeide_1.11.0/stm32cubeide/plugins/com.st.stm32cube.ide.mcu.externaltools.gnu-tools-for-stm32.10.3-2021.10.win32_1.0.100.202210260954/tools/bin/../lib/gcc/arm-none-eabi/10.3.1/../../../../arm-none-eabi/lib/thumb/v7e-m+fp/hard\libnosys.a(read.o)
                0x0000000008007aa0                _read
 .text._write   0x0000000008007ab0       0x10 c:/st/stm32cubeide_1.11.0/stm32cubeide/plugins/com.st.stm32cube.ide.mcu.externaltools.gnu-tools-for-stm32.10.3-2021.10.win32_1.0.100.202210260954/tools/bin/../lib/gcc/arm-none-eabi/10.3.1/../../../../arm-none-eabi/lib/thumb/v7e-m+fp/hard\libnosys.a(write.o)
                0x0000000008007ab0                _write
 .text._exit    0x0000000008007ac0        0x2 c:/st/stm32cubeide_1.11.0/stm32cubeide/plugins/com.st.stm32cube.ide.mcu.externaltools.gnu-tools-for-stm32.10.3-2021.10.win32_1.0.100.202210260954/tools/bin/../lib/gcc/arm-none-eabi/10.3.1/../../../../arm-none-eabi/lib/thumb/v7e-m+fp/hard\libnosys.a(_exit.o)
                0x0000000008007ac0                _exit
 *(.glue_7)
 .glue_7        0x0000000008007ac2        0x0 linker stubs
 *(.glue_7t)
 .glue_7t       0x0000000008007ac2        0x0 linker stubs
 *(.eh_frame)
 *fill*         0x0000000008007ac2        0x2 
 .eh_frame      0x0000000008007ac4        0x0 c:/st/stm32cubeide_1.11.0/stm32cubeide/plugins/com.st.stm32cube.ide.mcu.externaltools.gnu-tools-for-stm32.10.3-2021.10.win32_1.0.100.202210260954/tools/bin/../lib/gcc/arm-none-eabi/10.3.1/thumb/v7e-m+fp/hard/crtbegin.o
 *(.init)
 .init          0x0000000008007ac4        0x4 c:/st/stm32cubeide_1.11.0/stm32cubeide/plugins/com.st.stm32cube.ide.mcu.externaltools.gnu-tools-for-stm32.10.3-2021.10.win32_1.0.100.202210260954/tools/bin/../lib/gcc/arm-none-eabi/10.3.1/thumb/v7e-m+fp/hard/crti.o
                0x0000000008007ac4                _init
 .init          0x0000000008007ac8        0x8 c:/st/stm32cubeide_1.11.0/stm32cubeide/plugins/com.st.stm32cube.ide.mcu.externaltools.gnu-tools-for-stm32.10.3-2021.10.win32_1.0.100.202210260954/tools/bin/../lib/gcc/arm-none-eabi/10.3.1/thumb/v7e-m+fp/hard/crtn.o
 *(.fini)
 .fini          0x0000000008007ad0        0x4 c:/st/stm32cubeide_1.11.0/stm32cubeide/plugins/com.st.stm32cube.ide.mcu.externaltools.gnu-tools-for-stm32.10.3-2021.10.win32_1.0.100.202210260954/tools/bin/../lib/gcc/arm-none-eabi/10.3.1/thumb/v7e-m+fp/hard/crti.o
                0x0000000008007ad0                _fini
 .fini          0x0000000008007ad4        0x8 c:/st/stm32cubeide_1.11.0/stm32cubeide/plugins/com.st.stm32cube.ide.mcu.externaltools.gnu-tools-for-stm32.10.3-2021.10.win32_1.0.100.202210260954/tools/bin/../lib/gcc/arm-none-eabi/10.3.1/thumb/v7e-m+fp/hard/crtn.o
                0x0000000008007adc                . = ALIGN (0x4)
                0x0000000008007adc                _etext = .

.vfp11_veneer   0x0000000008007adc        0x0
 .vfp11_veneer  0x0000000008007adc        0x0 linker stubs

.v4_bx          0x0000000008007adc        0x0
 .v4_bx         0x0000000008007adc        0x0 linker stubs

.iplt           0x0000000008007adc        0x0
 .iplt          0x0000000008007adc        0x0 c:/st/stm32cubeide_1.11.0/stm32cubeide/plugins/com.st.stm32cube.ide.mcu.externaltools.gnu-tools-for-stm32.10.3-2021.10.win32_1.0.100.202210260954/tools/bin/../lib/gcc/arm-none-eabi/10.3.1/thumb/v7e-m+fp/hard/crtbegin.o

.rodata         0x0000000008007ae0      0x9e4
                0x0000000008007ae0                . = ALIGN (0x4)
 *(.rodata)
 .rodata        0x0000000008007ae0       0xc0 ./Core/Src/main.o
 .rodata        0x0000000008007ba0        0x4 ./Core/Src/usart.o
 .rodata        0x0000000008007ba4        0x4 ../Middlewares/ST/AI/Lib\NetworkRuntime520_CM4_GCC.a(layers.o)
 *(.rodata*)
 .rodata.AHBPrescTable
                0x0000000008007ba8       0x10 ./Core/Src/system_stm32f4xx.o
                0x0000000008007ba8                AHBPrescTable
 .rodata.APBPrescTable
                0x0000000008007bb8        0x8 ./Core/Src/system_stm32f4xx.o
                0x0000000008007bb8                APBPrescTable
 .rodata.dense_0_chain
                0x0000000008007bc0        0x8 ./X-CUBE-AI/App/sine_approx.o
 .rodata.nl_0_chain
                0x0000000008007bc8        0x8 ./X-CUBE-AI/App/sine_approx.o
 .rodata.dense_1_chain
                0x0000000008007bd0        0x8 ./X-CUBE-AI/App/sine_approx.o
 .rodata.nl_1_chain
                0x0000000008007bd8        0x8 ./X-CUBE-AI/App/sine_approx.o
 .rodata.dense_2_chain
                0x0000000008007be0        0x8 ./X-CUBE-AI/App/sine_approx.o
 .rodata.s_sine_approx_weights.0
                0x0000000008007be8      0x504 ./X-CUBE-AI/App/sine_approx_data.o
 .rodata._global_impure_ptr
                0x00000000080080ec        0x4 c:/st/stm32cubeide_1.11.0/stm32cubeide/plugins/com.st.stm32cube.ide.mcu.externaltools.gnu-tools-for-stm32.10.3-2021.10.win32_1.0.100.202210260954/tools/bin/../lib/gcc/arm-none-eabi/10.3.1/../../../../arm-none-eabi/lib/thumb/v7e-m+fp/hard\libc_nano.a(lib_a-impure.o)
                0x00000000080080ec                _global_impure_ptr
 .rodata._printf_float.str1.1
                0x00000000080080f0       0x12 c:/st/stm32cubeide_1.11.0/stm32cubeide/plugins/com.st.stm32cube.ide.mcu.externaltools.gnu-tools-for-stm32.10.3-2021.10.win32_1.0.100.202210260954/tools/bin/../lib/gcc/arm-none-eabi/10.3.1/../../../../arm-none-eabi/lib/thumb/v7e-m+fp/hard\libc_nano.a(lib_a-nano-vfprintf_float.o)
 .rodata._printf_i.str1.1
                0x0000000008008102       0x22 c:/st/stm32cubeide_1.11.0/stm32cubeide/plugins/com.st.stm32cube.ide.mcu.externaltools.gnu-tools-for-stm32.10.3-2021.10.win32_1.0.100.202210260954/tools/bin/../lib/gcc/arm-none-eabi/10.3.1/../../../../arm-none-eabi/lib/thumb/v7e-m+fp/hard\libc_nano.a(lib_a-nano-vfprintf_i.o)
 .rodata._dtoa_r.str1.1
                0x0000000008008124       0x90 c:/st/stm32cubeide_1.11.0/stm32cubeide/plugins/com.st.stm32cube.ide.mcu.externaltools.gnu-tools-for-stm32.10.3-2021.10.win32_1.0.100.202210260954/tools/bin/../lib/gcc/arm-none-eabi/10.3.1/../../../../arm-none-eabi/lib/thumb/v7e-m+fp/hard\libc_nano.a(lib_a-dtoa.o)
                                         0x92 (size before relaxing)
 .rodata._Balloc.str1.1
                0x00000000080081b4       0x5c c:/st/stm32cubeide_1.11.0/stm32cubeide/plugins/com.st.stm32cube.ide.mcu.externaltools.gnu-tools-for-stm32.10.3-2021.10.win32_1.0.100.202210260954/tools/bin/../lib/gcc/arm-none-eabi/10.3.1/../../../../arm-none-eabi/lib/thumb/v7e-m+fp/hard\libc_nano.a(lib_a-mprec.o)
                                         0x73 (size before relaxing)
 .rodata.__multadd.str1.1
                0x0000000008008210       0x11 c:/st/stm32cubeide_1.11.0/stm32cubeide/plugins/com.st.stm32cube.ide.mcu.externaltools.gnu-tools-for-stm32.10.3-2021.10.win32_1.0.100.202210260954/tools/bin/../lib/gcc/arm-none-eabi/10.3.1/../../../../arm-none-eabi/lib/thumb/v7e-m+fp/hard\libc_nano.a(lib_a-mprec.o)
 .rodata.__mprec_bigtens
                0x0000000008008210       0x28 c:/st/stm32cubeide_1.11.0/stm32cubeide/plugins/com.st.stm32cube.ide.mcu.externaltools.gnu-tools-for-stm32.10.3-2021.10.win32_1.0.100.202210260954/tools/bin/../lib/gcc/arm-none-eabi/10.3.1/../../../../arm-none-eabi/lib/thumb/v7e-m+fp/hard\libc_nano.a(lib_a-mprec.o)
                0x0000000008008210                __mprec_bigtens
 .rodata.__mprec_tens
                0x0000000008008238       0xc8 c:/st/stm32cubeide_1.11.0/stm32cubeide/plugins/com.st.stm32cube.ide.mcu.externaltools.gnu-tools-for-stm32.10.3-2021.10.win32_1.0.100.202210260954/tools/bin/../lib/gcc/arm-none-eabi/10.3.1/../../../../arm-none-eabi/lib/thumb/v7e-m+fp/hard\libc_nano.a(lib_a-mprec.o)
                0x0000000008008238                __mprec_tens
 .rodata.p05.0  0x0000000008008300        0xc c:/st/stm32cubeide_1.11.0/stm32cubeide/plugins/com.st.stm32cube.ide.mcu.externaltools.gnu-tools-for-stm32.10.3-2021.10.win32_1.0.100.202210260954/tools/bin/../lib/gcc/arm-none-eabi/10.3.1/../../../../arm-none-eabi/lib/thumb/v7e-m+fp/hard\libc_nano.a(lib_a-mprec.o)
 .rodata._svfprintf_r.str1.1
                0x000000000800830c       0x11 c:/st/stm32cubeide_1.11.0/stm32cubeide/plugins/com.st.stm32cube.ide.mcu.externaltools.gnu-tools-for-stm32.10.3-2021.10.win32_1.0.100.202210260954/tools/bin/../lib/gcc/arm-none-eabi/10.3.1/../../../../arm-none-eabi/lib/thumb/v7e-m+fp/hard\libc_nano.a(lib_a-nano-svfprintf.o)
 .rodata.__assert_func.str1.1
                0x000000000800831d       0x3c c:/st/stm32cubeide_1.11.0/stm32cubeide/plugins/com.st.stm32cube.ide.mcu.externaltools.gnu-tools-for-stm32.10.3-2021.10.win32_1.0.100.202210260954/tools/bin/../lib/gcc/arm-none-eabi/10.3.1/../../../../arm-none-eabi/lib/thumb/v7e-m+fp/hard\libc_nano.a(lib_a-assert.o)
                                         0x3d (size before relaxing)
 .rodata._setlocale_r.str1.1
                0x0000000008008359        0x8 c:/st/stm32cubeide_1.11.0/stm32cubeide/plugins/com.st.stm32cube.ide.mcu.externaltools.gnu-tools-for-stm32.10.3-2021.10.win32_1.0.100.202210260954/tools/bin/../lib/gcc/arm-none-eabi/10.3.1/../../../../arm-none-eabi/lib/thumb/v7e-m+fp/hard\libc_nano.a(lib_a-locale.o)
                                          0x9 (size before relaxing)
 .rodata.str1.1
                0x0000000008008361        0x2 c:/st/stm32cubeide_1.11.0/stm32cubeide/plugins/com.st.stm32cube.ide.mcu.externaltools.gnu-tools-for-stm32.10.3-2021.10.win32_1.0.100.202210260954/tools/bin/../lib/gcc/arm-none-eabi/10.3.1/../../../../arm-none-eabi/lib/thumb/v7e-m+fp/hard\libc_nano.a(lib_a-locale.o)
 .rodata._vfprintf_r.str1.1
                0x0000000008008363       0x11 c:/st/stm32cubeide_1.11.0/stm32cubeide/plugins/com.st.stm32cube.ide.mcu.externaltools.gnu-tools-for-stm32.10.3-2021.10.win32_1.0.100.202210260954/tools/bin/../lib/gcc/arm-none-eabi/10.3.1/../../../../arm-none-eabi/lib/thumb/v7e-m+fp/hard\libc_nano.a(lib_a-nano-vfprintf.o)
 .rodata._ctype_
                0x0000000008008363      0x101 c:/st/stm32cubeide_1.11.0/stm32cubeide/plugins/com.st.stm32cube.ide.mcu.externaltools.gnu-tools-for-stm32.10.3-2021.10.win32_1.0.100.202210260954/tools/bin/../lib/gcc/arm-none-eabi/10.3.1/../../../../arm-none-eabi/lib/thumb/v7e-m+fp/hard\libc_nano.a(lib_a-ctype_.o)
                0x0000000008008363                _ctype_
 .rodata.__sf_fake_stderr
                0x0000000008008464       0x20 c:/st/stm32cubeide_1.11.0/stm32cubeide/plugins/com.st.stm32cube.ide.mcu.externaltools.gnu-tools-for-stm32.10.3-2021.10.win32_1.0.100.202210260954/tools/bin/../lib/gcc/arm-none-eabi/10.3.1/../../../../arm-none-eabi/lib/thumb/v7e-m+fp/hard\libc_nano.a(lib_a-findfp.o)
                0x0000000008008464                __sf_fake_stderr
 .rodata.__sf_fake_stdin
                0x0000000008008484       0x20 c:/st/stm32cubeide_1.11.0/stm32cubeide/plugins/com.st.stm32cube.ide.mcu.externaltools.gnu-tools-for-stm32.10.3-2021.10.win32_1.0.100.202210260954/tools/bin/../lib/gcc/arm-none-eabi/10.3.1/../../../../arm-none-eabi/lib/thumb/v7e-m+fp/hard\libc_nano.a(lib_a-findfp.o)
                0x0000000008008484                __sf_fake_stdin
 .rodata.__sf_fake_stdout
                0x00000000080084a4       0x20 c:/st/stm32cubeide_1.11.0/stm32cubeide/plugins/com.st.stm32cube.ide.mcu.externaltools.gnu-tools-for-stm32.10.3-2021.10.win32_1.0.100.202210260954/tools/bin/../lib/gcc/arm-none-eabi/10.3.1/../../../../arm-none-eabi/lib/thumb/v7e-m+fp/hard\libc_nano.a(lib_a-findfp.o)
                0x00000000080084a4                __sf_fake_stdout
                0x00000000080084c4                . = ALIGN (0x4)

.ARM.extab      0x00000000080084c4        0x0
                0x00000000080084c4                . = ALIGN (0x4)
 *(.ARM.extab* .gnu.linkonce.armextab.*)
                0x00000000080084c4                . = ALIGN (0x4)

.ARM            0x00000000080084c4        0x8
                0x00000000080084c4                . = ALIGN (0x4)
                0x00000000080084c4                __exidx_start = .
 *(.ARM.exidx*)
 .ARM.exidx     0x00000000080084c4        0x8 c:/st/stm32cubeide_1.11.0/stm32cubeide/plugins/com.st.stm32cube.ide.mcu.externaltools.gnu-tools-for-stm32.10.3-2021.10.win32_1.0.100.202210260954/tools/bin/../lib/gcc/arm-none-eabi/10.3.1/thumb/v7e-m+fp/hard\libgcc.a(_udivmoddi4.o)
                0x00000000080084cc                __exidx_end = .
                0x00000000080084cc                . = ALIGN (0x4)

.rel.dyn        0x00000000080084cc        0x0
 .rel.iplt      0x00000000080084cc        0x0 c:/st/stm32cubeide_1.11.0/stm32cubeide/plugins/com.st.stm32cube.ide.mcu.externaltools.gnu-tools-for-stm32.10.3-2021.10.win32_1.0.100.202210260954/tools/bin/../lib/gcc/arm-none-eabi/10.3.1/thumb/v7e-m+fp/hard/crtbegin.o

.preinit_array  0x00000000080084cc        0x0
                0x00000000080084cc                . = ALIGN (0x4)
                0x00000000080084cc                PROVIDE (__preinit_array_start = .)
 *(.preinit_array*)
                0x00000000080084cc                PROVIDE (__preinit_array_end = .)
                0x00000000080084cc                . = ALIGN (0x4)

.init_array     0x00000000080084cc        0x4
                0x00000000080084cc                . = ALIGN (0x4)
                0x00000000080084cc                PROVIDE (__init_array_start = .)
 *(SORT_BY_NAME(.init_array.*))
 *(.init_array*)
 .init_array    0x00000000080084cc        0x4 c:/st/stm32cubeide_1.11.0/stm32cubeide/plugins/com.st.stm32cube.ide.mcu.externaltools.gnu-tools-for-stm32.10.3-2021.10.win32_1.0.100.202210260954/tools/bin/../lib/gcc/arm-none-eabi/10.3.1/thumb/v7e-m+fp/hard/crtbegin.o
                0x00000000080084d0                PROVIDE (__init_array_end = .)
                0x00000000080084d0                . = ALIGN (0x4)

.fini_array     0x00000000080084d0        0x4
                0x00000000080084d0                . = ALIGN (0x4)
                [!provide]                        PROVIDE (__fini_array_start = .)
 *(SORT_BY_NAME(.fini_array.*))
 *(.fini_array*)
 .fini_array    0x00000000080084d0        0x4 c:/st/stm32cubeide_1.11.0/stm32cubeide/plugins/com.st.stm32cube.ide.mcu.externaltools.gnu-tools-for-stm32.10.3-2021.10.win32_1.0.100.202210260954/tools/bin/../lib/gcc/arm-none-eabi/10.3.1/thumb/v7e-m+fp/hard/crtbegin.o
                [!provide]                        PROVIDE (__fini_array_end = .)
                0x00000000080084d4                . = ALIGN (0x4)
                0x00000000080084d4                _sidata = LOADADDR (.data)

.data           0x0000000020000000      0x7b4 load address 0x00000000080084d4
                0x0000000020000000                . = ALIGN (0x4)
                0x0000000020000000                _sdata = .
 *(.data)
 *(.data*)
 .data.SystemCoreClock
                0x0000000020000000        0x4 ./Core/Src/system_stm32f4xx.o
                0x0000000020000000                SystemCoreClock
 .data.uwTickPrio
                0x0000000020000004        0x4 ./Drivers/STM32F4xx_HAL_Driver/Src/stm32f4xx_hal.o
                0x0000000020000004                uwTickPrio
 .data.uwTickFreq
                0x0000000020000008        0x1 ./Drivers/STM32F4xx_HAL_Driver/Src/stm32f4xx_hal.o
                0x0000000020000008                uwTickFreq
 *fill*         0x0000000020000009        0x3 
 .data.g_sine_approx
                0x000000002000000c       0x60 ./X-CUBE-AI/App/sine_approx.o
 .data.dense_2_bias_array
                0x000000002000006c       0x10 ./X-CUBE-AI/App/sine_approx.o
 .data.dense_2_weights_array
                0x000000002000007c       0x10 ./X-CUBE-AI/App/sine_approx.o
 .data.dense_1_bias_array
                0x000000002000008c       0x10 ./X-CUBE-AI/App/sine_approx.o
 .data.dense_1_weights_array
                0x000000002000009c       0x10 ./X-CUBE-AI/App/sine_approx.o
 .data.dense_0_bias_array
                0x00000000200000ac       0x10 ./X-CUBE-AI/App/sine_approx.o
 .data.dense_0_weights_array
                0x00000000200000bc       0x10 ./X-CUBE-AI/App/sine_approx.o
 .data.serving_default_dense_input0_output_array
                0x00000000200000cc       0x10 ./X-CUBE-AI/App/sine_approx.o
 .data.dense_0_output_array
                0x00000000200000dc       0x10 ./X-CUBE-AI/App/sine_approx.o
 .data.nl_0_output_array
                0x00000000200000ec       0x10 ./X-CUBE-AI/App/sine_approx.o
 .data.dense_1_output_array
                0x00000000200000fc       0x10 ./X-CUBE-AI/App/sine_approx.o
 .data.nl_1_output_array
                0x000000002000010c       0x10 ./X-CUBE-AI/App/sine_approx.o
 .data.dense_2_output_array
                0x000000002000011c       0x10 ./X-CUBE-AI/App/sine_approx.o
 .data.dense_2_bias
                0x000000002000012c       0x1c ./X-CUBE-AI/App/sine_approx.o
 .data.dense_2_weights
                0x0000000020000148       0x1c ./X-CUBE-AI/App/sine_approx.o
 .data.dense_1_bias
                0x0000000020000164       0x1c ./X-CUBE-AI/App/sine_approx.o
 .data.dense_1_weights
                0x0000000020000180       0x1c ./X-CUBE-AI/App/sine_approx.o
 .data.dense_0_bias
                0x000000002000019c       0x1c ./X-CUBE-AI/App/sine_approx.o
 .data.dense_0_weights
                0x00000000200001b8       0x1c ./X-CUBE-AI/App/sine_approx.o
 .data.serving_default_dense_input0_output
                0x00000000200001d4       0x1c ./X-CUBE-AI/App/sine_approx.o
 .data.dense_0_output
                0x00000000200001f0       0x1c ./X-CUBE-AI/App/sine_approx.o
 .data.nl_0_output
                0x000000002000020c       0x1c ./X-CUBE-AI/App/sine_approx.o
 .data.dense_1_output
                0x0000000020000228       0x1c ./X-CUBE-AI/App/sine_approx.o
 .data.nl_1_output
                0x0000000020000244       0x1c ./X-CUBE-AI/App/sine_approx.o
 .data.dense_2_output
                0x0000000020000260       0x1c ./X-CUBE-AI/App/sine_approx.o
 .data.dense_0_layer
                0x000000002000027c       0x18 ./X-CUBE-AI/App/sine_approx.o
 .data.nl_0_layer
                0x0000000020000294       0x1c ./X-CUBE-AI/App/sine_approx.o
 .data.dense_1_layer
                0x00000000200002b0       0x18 ./X-CUBE-AI/App/sine_approx.o
 .data.nl_1_layer
                0x00000000200002c8       0x1c ./X-CUBE-AI/App/sine_approx.o
 .data.dense_2_layer
                0x00000000200002e4       0x18 ./X-CUBE-AI/App/sine_approx.o
 .data.__compound_literal.0
                0x00000000200002fc       0x10 ./X-CUBE-AI/App/sine_approx.o
 .data.__compound_literal.1
                0x000000002000030c       0x10 ./X-CUBE-AI/App/sine_approx.o
 .data.__compound_literal.2
                0x000000002000031c       0x10 ./X-CUBE-AI/App/sine_approx.o
 .data.__compound_literal.3
                0x000000002000032c       0x10 ./X-CUBE-AI/App/sine_approx.o
 .data.__compound_literal.4
                0x000000002000033c       0x10 ./X-CUBE-AI/App/sine_approx.o
 .data.__compound_literal.5
                0x000000002000034c       0x10 ./X-CUBE-AI/App/sine_approx.o
 .data.__compound_literal.6
                0x000000002000035c       0x10 ./X-CUBE-AI/App/sine_approx.o
 .data.__compound_literal.7
                0x000000002000036c       0x10 ./X-CUBE-AI/App/sine_approx.o
 .data.__compound_literal.8
                0x000000002000037c       0x10 ./X-CUBE-AI/App/sine_approx.o
 .data.__compound_literal.9
                0x000000002000038c       0x10 ./X-CUBE-AI/App/sine_approx.o
 .data.__compound_literal.10
                0x000000002000039c       0x10 ./X-CUBE-AI/App/sine_approx.o
 .data.__compound_literal.11
                0x00000000200003ac       0x10 ./X-CUBE-AI/App/sine_approx.o
 .data.__compound_literal.12
                0x00000000200003bc       0x10 ./X-CUBE-AI/App/sine_approx.o
 .data.__compound_literal.13
                0x00000000200003cc       0x10 ./X-CUBE-AI/App/sine_approx.o
 .data.__compound_literal.14
                0x00000000200003dc       0x10 ./X-CUBE-AI/App/sine_approx.o
 .data.__compound_literal.15
                0x00000000200003ec       0x10 ./X-CUBE-AI/App/sine_approx.o
 .data.__compound_literal.16
                0x00000000200003fc       0x10 ./X-CUBE-AI/App/sine_approx.o
 .data.__compound_literal.17
                0x000000002000040c       0x10 ./X-CUBE-AI/App/sine_approx.o
 .data.__compound_literal.18
                0x000000002000041c       0x10 ./X-CUBE-AI/App/sine_approx.o
 .data.__compound_literal.19
                0x000000002000042c       0x10 ./X-CUBE-AI/App/sine_approx.o
 .data.__compound_literal.20
                0x000000002000043c       0x10 ./X-CUBE-AI/App/sine_approx.o
 .data.__compound_literal.21
                0x000000002000044c       0x10 ./X-CUBE-AI/App/sine_approx.o
 .data.__compound_literal.22
                0x000000002000045c       0x10 ./X-CUBE-AI/App/sine_approx.o
 .data.__compound_literal.23
                0x000000002000046c       0x10 ./X-CUBE-AI/App/sine_approx.o
 .data.__compound_literal.24
                0x000000002000047c        0x4 ./X-CUBE-AI/App/sine_approx.o
 .data.__compound_literal.25
                0x0000000020000480        0x4 ./X-CUBE-AI/App/sine_approx.o
 .data.__compound_literal.26
                0x0000000020000484        0x8 ./X-CUBE-AI/App/sine_approx.o
 .data.__compound_literal.28
                0x000000002000048c       0x30 ./X-CUBE-AI/App/sine_approx.o
 .data.__compound_literal.29
                0x00000000200004bc        0x4 ./X-CUBE-AI/App/sine_approx.o
 .data.__compound_literal.30
                0x00000000200004c0        0x4 ./X-CUBE-AI/App/sine_approx.o
 .data.__compound_literal.33
                0x00000000200004c4       0x30 ./X-CUBE-AI/App/sine_approx.o
 .data.__compound_literal.34
                0x00000000200004f4        0x4 ./X-CUBE-AI/App/sine_approx.o
 .data.__compound_literal.35
                0x00000000200004f8        0x4 ./X-CUBE-AI/App/sine_approx.o
 .data.__compound_literal.36
                0x00000000200004fc        0x8 ./X-CUBE-AI/App/sine_approx.o
 .data.__compound_literal.38
                0x0000000020000504       0x30 ./X-CUBE-AI/App/sine_approx.o
 .data.__compound_literal.39
                0x0000000020000534        0x4 ./X-CUBE-AI/App/sine_approx.o
 .data.__compound_literal.40
                0x0000000020000538        0x4 ./X-CUBE-AI/App/sine_approx.o
 .data.__compound_literal.43
                0x000000002000053c       0x30 ./X-CUBE-AI/App/sine_approx.o
 .data.__compound_literal.44
                0x000000002000056c        0x4 ./X-CUBE-AI/App/sine_approx.o
 .data.__compound_literal.45
                0x0000000020000570        0x4 ./X-CUBE-AI/App/sine_approx.o
 .data.__compound_literal.46
                0x0000000020000574        0x8 ./X-CUBE-AI/App/sine_approx.o
 .data.__compound_literal.48
                0x000000002000057c       0x30 ./X-CUBE-AI/App/sine_approx.o
 .data.__compound_literal.49
                0x00000000200005ac        0x4 ./X-CUBE-AI/App/sine_approx.o
 .data.__compound_literal.53
                0x00000000200005b0        0xc ./X-CUBE-AI/App/sine_approx.o
 .data.__compound_literal.54
                0x00000000200005bc        0x4 ./X-CUBE-AI/App/sine_approx.o
 .data.__compound_literal.58
                0x00000000200005c0        0xc ./X-CUBE-AI/App/sine_approx.o
 .data.__compound_literal.59
                0x00000000200005cc       0x18 ./X-CUBE-AI/App/sine_approx.o
 .data._impure_ptr
                0x00000000200005e4        0x4 c:/st/stm32cubeide_1.11.0/stm32cubeide/plugins/com.st.stm32cube.ide.mcu.externaltools.gnu-tools-for-stm32.10.3-2021.10.win32_1.0.100.202210260954/tools/bin/../lib/gcc/arm-none-eabi/10.3.1/../../../../arm-none-eabi/lib/thumb/v7e-m+fp/hard\libc_nano.a(lib_a-impure.o)
                0x00000000200005e4                _impure_ptr
 .data.impure_data
                0x00000000200005e8       0x60 c:/st/stm32cubeide_1.11.0/stm32cubeide/plugins/com.st.stm32cube.ide.mcu.externaltools.gnu-tools-for-stm32.10.3-2021.10.win32_1.0.100.202210260954/tools/bin/../lib/gcc/arm-none-eabi/10.3.1/../../../../arm-none-eabi/lib/thumb/v7e-m+fp/hard\libc_nano.a(lib_a-impure.o)
 .data.__global_locale
                0x0000000020000648      0x16c c:/st/stm32cubeide_1.11.0/stm32cubeide/plugins/com.st.stm32cube.ide.mcu.externaltools.gnu-tools-for-stm32.10.3-2021.10.win32_1.0.100.202210260954/tools/bin/../lib/gcc/arm-none-eabi/10.3.1/../../../../arm-none-eabi/lib/thumb/v7e-m+fp/hard\libc_nano.a(lib_a-locale.o)
                0x0000000020000648                __global_locale
 *(.RamFunc)
 *(.RamFunc*)
                0x00000000200007b4                . = ALIGN (0x4)
                0x00000000200007b4                _edata = .
                0x0000000008008c88                _siccmram = LOADADDR (.ccmram)

.igot.plt       0x00000000200007b4        0x0 load address 0x0000000008008c88
 .igot.plt      0x00000000200007b4        0x0 c:/st/stm32cubeide_1.11.0/stm32cubeide/plugins/com.st.stm32cube.ide.mcu.externaltools.gnu-tools-for-stm32.10.3-2021.10.win32_1.0.100.202210260954/tools/bin/../lib/gcc/arm-none-eabi/10.3.1/thumb/v7e-m+fp/hard/crtbegin.o

.ccmram         0x0000000010000000        0x0 load address 0x0000000008008c88
                0x0000000010000000                . = ALIGN (0x4)
                0x0000000010000000                _sccmram = .
 *(.ccmram)
 *(.ccmram*)
                0x0000000010000000                . = ALIGN (0x4)
                0x0000000010000000                _eccmram = .
                0x0000000010000000                . = ALIGN (0x4)

.bss            0x00000000200007b4      0x160
                0x00000000200007b4                _sbss = .
                0x00000000200007b4                __bss_start__ = _sbss
 *(.bss)
 .bss           0x00000000200007b4       0x1c c:/st/stm32cubeide_1.11.0/stm32cubeide/plugins/com.st.stm32cube.ide.mcu.externaltools.gnu-tools-for-stm32.10.3-2021.10.win32_1.0.100.202210260954/tools/bin/../lib/gcc/arm-none-eabi/10.3.1/thumb/v7e-m+fp/hard/crtbegin.o
 *(.bss*)
 .bss.hcrc      0x00000000200007d0        0x8 ./Core/Src/crc.o
                0x00000000200007d0                hcrc
 .bss.TX_BUFF   0x00000000200007d8       0x64 ./Core/Src/main.o
                0x00000000200007d8                TX_BUFF
 .bss.__sbrk_heap_end
                0x000000002000083c        0x4 ./Core/Src/sysmem.o
 .bss.huart1    0x0000000020000840       0x44 ./Core/Src/usart.o
                0x0000000020000840                huart1
 .bss.uwTick    0x0000000020000884        0x4 ./Drivers/STM32F4xx_HAL_Driver/Src/stm32f4xx_hal.o
                0x0000000020000884                uwTick
 .bss.__compound_literal.27
                0x0000000020000888        0x4 ./X-CUBE-AI/App/sine_approx.o
 .bss.__compound_literal.31
                0x000000002000088c        0x4 ./X-CUBE-AI/App/sine_approx.o
 .bss.__compound_literal.32
                0x0000000020000890        0x4 ./X-CUBE-AI/App/sine_approx.o
 .bss.__compound_literal.37
                0x0000000020000894        0x4 ./X-CUBE-AI/App/sine_approx.o
 .bss.__compound_literal.41
                0x0000000020000898        0x4 ./X-CUBE-AI/App/sine_approx.o
 .bss.__compound_literal.42
                0x000000002000089c        0x4 ./X-CUBE-AI/App/sine_approx.o
 .bss.__compound_literal.47
                0x00000000200008a0        0x4 ./X-CUBE-AI/App/sine_approx.o
 .bss.__compound_literal.50
                0x00000000200008a4       0x18 ./X-CUBE-AI/App/sine_approx.o
 .bss.__compound_literal.51
                0x00000000200008bc       0x10 ./X-CUBE-AI/App/sine_approx.o
 .bss.__compound_literal.52
                0x00000000200008cc        0x8 ./X-CUBE-AI/App/sine_approx.o
 .bss.__compound_literal.55
                0x00000000200008d4       0x18 ./X-CUBE-AI/App/sine_approx.o
 .bss.__compound_literal.56
                0x00000000200008ec       0x10 ./X-CUBE-AI/App/sine_approx.o
 .bss.__compound_literal.57
                0x00000000200008fc        0x8 ./X-CUBE-AI/App/sine_approx.o
 .bss.__malloc_free_list
                0x0000000020000904        0x4 c:/st/stm32cubeide_1.11.0/stm32cubeide/plugins/com.st.stm32cube.ide.mcu.externaltools.gnu-tools-for-stm32.10.3-2021.10.win32_1.0.100.202210260954/tools/bin/../lib/gcc/arm-none-eabi/10.3.1/../../../../arm-none-eabi/lib/thumb/v7e-m+fp/hard\libc_nano.a(lib_a-nano-mallocr.o)
                0x0000000020000904                __malloc_free_list
 .bss.__malloc_sbrk_start